Archive member included to satisfy reference by file (symbol)

c:/program files (x86)/atmel/studio/7.0/toolchain/avr8/avr8-gnu-toolchain/bin/../lib/gcc/avr/5.4.0/avr5\libgcc.a(_udivmodsi4.o)
                              MCAL/I2C/I2C_Prog.o (__udivmodsi4)
c:/program files (x86)/atmel/studio/7.0/toolchain/avr8/avr8-gnu-toolchain/bin/../lib/gcc/avr/5.4.0/avr5\libgcc.a(_divmodsi4.o)
                              HAL/LCD/LCD_Prog.o (__divmodsi4)
c:/program files (x86)/atmel/studio/7.0/toolchain/avr8/avr8-gnu-toolchain/bin/../lib/gcc/avr/5.4.0/avr5\libgcc.a(_negsi2.o)
                              c:/program files (x86)/atmel/studio/7.0/toolchain/avr8/avr8-gnu-toolchain/bin/../lib/gcc/avr/5.4.0/avr5\libgcc.a(_divmodsi4.o) (__negsi2)
c:/program files (x86)/atmel/studio/7.0/toolchain/avr8/avr8-gnu-toolchain/bin/../lib/gcc/avr/5.4.0/avr5\libgcc.a(_exit.o)
                              C:/Program Files (x86)/Atmel/Studio/7.0/Packs/atmel/ATmega_DFP/1.7.374/gcc/dev/atmega32/avr5/crtatmega32.o (exit)
c:/program files (x86)/atmel/studio/7.0/toolchain/avr8/avr8-gnu-toolchain/bin/../lib/gcc/avr/5.4.0/avr5\libgcc.a(_copy_data.o)
                              APP/Biometric_Attendance_Prog.o (__do_copy_data)
c:/program files (x86)/atmel/studio/7.0/toolchain/avr8/avr8-gnu-toolchain/bin/../lib/gcc/avr/5.4.0/avr5\libgcc.a(_clear_bss.o)
                              HAL/FingerPrint/FingerPrint.o (__do_clear_bss)

Discarded input sections

 .data          0x00000000        0x0 C:/Program Files (x86)/Atmel/Studio/7.0/Packs/atmel/ATmega_DFP/1.7.374/gcc/dev/atmega32/avr5/crtatmega32.o
 .bss           0x00000000        0x0 C:/Program Files (x86)/Atmel/Studio/7.0/Packs/atmel/ATmega_DFP/1.7.374/gcc/dev/atmega32/avr5/crtatmega32.o
 .text          0x00000000        0x0 APP/Biometric_Attendance_Prog.o
 .data          0x00000000        0x0 APP/Biometric_Attendance_Prog.o
 .bss           0x00000000        0x0 APP/Biometric_Attendance_Prog.o
 .text          0x00000000        0x0 HAL/EEPROM/EEPROM_Prog.o
 .data          0x00000000        0x0 HAL/EEPROM/EEPROM_Prog.o
 .bss           0x00000000        0x0 HAL/EEPROM/EEPROM_Prog.o
 .text          0x00000000        0x0 HAL/FingerPrint/FingerPrint.o
 .data          0x00000000        0x0 HAL/FingerPrint/FingerPrint.o
 .bss           0x00000000        0x0 HAL/FingerPrint/FingerPrint.o
 .text.FingerPS_handShake
                0x00000000       0x1e HAL/FingerPrint/FingerPrint.o
 .text.FingerPS_searchFinger
                0x00000000       0x3c HAL/FingerPrint/FingerPrint.o
 .text.StoreAckBytes
                0x00000000       0x20 HAL/FingerPrint/FingerPrint.o
 .bss.i.1815    0x00000000        0x1 HAL/FingerPrint/FingerPrint.o
 .text          0x00000000        0x0 HAL/KeyPad/Keypad_Prog.o
 .data          0x00000000        0x0 HAL/KeyPad/Keypad_Prog.o
 .bss           0x00000000        0x0 HAL/KeyPad/Keypad_Prog.o
 .text          0x00000000        0x0 HAL/LCD/LCD_Prog.o
 .data          0x00000000        0x0 HAL/LCD/LCD_Prog.o
 .bss           0x00000000        0x0 HAL/LCD/LCD_Prog.o
 .text          0x00000000        0x0 HAL/LED/LED_Prog.o
 .data          0x00000000        0x0 HAL/LED/LED_Prog.o
 .bss           0x00000000        0x0 HAL/LED/LED_Prog.o
 .text.H_LED_Void_LedBlink
                0x00000000       0xa6 HAL/LED/LED_Prog.o
 .text.H_LED_Void_LedTog
                0x00000000       0x36 HAL/LED/LED_Prog.o
 .text          0x00000000        0x0 HAL/Relay/Relay_Prog.o
 .data          0x00000000        0x0 HAL/Relay/Relay_Prog.o
 .bss           0x00000000        0x0 HAL/Relay/Relay_Prog.o
 .text.Relay_Init
                0x00000000       0x16 HAL/Relay/Relay_Prog.o
 .text          0x00000000        0x0 HAL/RTC/RTC_Prog.o
 .data          0x00000000        0x0 HAL/RTC/RTC_Prog.o
 .bss           0x00000000        0x0 HAL/RTC/RTC_Prog.o
 .text.RTC_Set_Time
                0x00000000       0xae HAL/RTC/RTC_Prog.o
 .text.RTC_Set_Date
                0x00000000       0xb2 HAL/RTC/RTC_Prog.o
 .text.RTC_Get_Date
                0x00000000       0x7e HAL/RTC/RTC_Prog.o
 .text          0x00000000        0x0 main.o
 .data          0x00000000        0x0 main.o
 .bss           0x00000000        0x0 main.o
 .text          0x00000000        0x0 MCAL/DIO/DIO_Prog.o
 .data          0x00000000        0x0 MCAL/DIO/DIO_Prog.o
 .bss           0x00000000        0x0 MCAL/DIO/DIO_Prog.o
 .text.M_DIO_Void_TogPin
                0x00000000       0x94 MCAL/DIO/DIO_Prog.o
 .text.M_DIO_Void_SetPinPullUpRes
                0x00000000      0x112 MCAL/DIO/DIO_Prog.o
 .text          0x00000000        0x0 MCAL/I2C/I2C_Prog.o
 .data          0x00000000        0x0 MCAL/I2C/I2C_Prog.o
 .bss           0x00000000        0x0 MCAL/I2C/I2C_Prog.o
 .text          0x00000000        0x0 MCAL/UART/UART.o
 .data          0x00000000        0x0 MCAL/UART/UART.o
 .bss           0x00000000        0x0 MCAL/UART/UART.o
 .text.UART_sendString
                0x00000000       0x26 MCAL/UART/UART.o
 .text.UART_receiveByteSynch
                0x00000000        0x8 MCAL/UART/UART.o
 .text.UART_receiveByteAsynchCallBack
                0x00000000        0xa MCAL/UART/UART.o
 .text          0x00000000        0x0 c:/program files (x86)/atmel/studio/7.0/toolchain/avr8/avr8-gnu-toolchain/bin/../lib/gcc/avr/5.4.0/avr5\libgcc.a(_udivmodsi4.o)
 .data          0x00000000        0x0 c:/program files (x86)/atmel/studio/7.0/toolchain/avr8/avr8-gnu-toolchain/bin/../lib/gcc/avr/5.4.0/avr5\libgcc.a(_udivmodsi4.o)
 .bss           0x00000000        0x0 c:/program files (x86)/atmel/studio/7.0/toolchain/avr8/avr8-gnu-toolchain/bin/../lib/gcc/avr/5.4.0/avr5\libgcc.a(_udivmodsi4.o)
 .text.libgcc.mul
                0x00000000        0x0 c:/program files (x86)/atmel/studio/7.0/toolchain/avr8/avr8-gnu-toolchain/bin/../lib/gcc/avr/5.4.0/avr5\libgcc.a(_udivmodsi4.o)
 .text.libgcc   0x00000000        0x0 c:/program files (x86)/atmel/studio/7.0/toolchain/avr8/avr8-gnu-toolchain/bin/../lib/gcc/avr/5.4.0/avr5\libgcc.a(_udivmodsi4.o)
 .text.libgcc.prologue
                0x00000000        0x0 c:/program files (x86)/atmel/studio/7.0/toolchain/avr8/avr8-gnu-toolchain/bin/../lib/gcc/avr/5.4.0/avr5\libgcc.a(_udivmodsi4.o)
 .text.libgcc.builtins
                0x00000000        0x0 c:/program files (x86)/atmel/studio/7.0/toolchain/avr8/avr8-gnu-toolchain/bin/../lib/gcc/avr/5.4.0/avr5\libgcc.a(_udivmodsi4.o)
 .text.libgcc.fmul
                0x00000000        0x0 c:/program files (x86)/atmel/studio/7.0/toolchain/avr8/avr8-gnu-toolchain/bin/../lib/gcc/avr/5.4.0/avr5\libgcc.a(_udivmodsi4.o)
 .text.libgcc.fixed
                0x00000000        0x0 c:/program files (x86)/atmel/studio/7.0/toolchain/avr8/avr8-gnu-toolchain/bin/../lib/gcc/avr/5.4.0/avr5\libgcc.a(_udivmodsi4.o)
 .text          0x00000000        0x0 c:/program files (x86)/atmel/studio/7.0/toolchain/avr8/avr8-gnu-toolchain/bin/../lib/gcc/avr/5.4.0/avr5\libgcc.a(_divmodsi4.o)
 .data          0x00000000        0x0 c:/program files (x86)/atmel/studio/7.0/toolchain/avr8/avr8-gnu-toolchain/bin/../lib/gcc/avr/5.4.0/avr5\libgcc.a(_divmodsi4.o)
 .bss           0x00000000        0x0 c:/program files (x86)/atmel/studio/7.0/toolchain/avr8/avr8-gnu-toolchain/bin/../lib/gcc/avr/5.4.0/avr5\libgcc.a(_divmodsi4.o)
 .text.libgcc.mul
                0x00000000        0x0 c:/program files (x86)/atmel/studio/7.0/toolchain/avr8/avr8-gnu-toolchain/bin/../lib/gcc/avr/5.4.0/avr5\libgcc.a(_divmodsi4.o)
 .text.libgcc   0x00000000        0x0 c:/program files (x86)/atmel/studio/7.0/toolchain/avr8/avr8-gnu-toolchain/bin/../lib/gcc/avr/5.4.0/avr5\libgcc.a(_divmodsi4.o)
 .text.libgcc.prologue
                0x00000000        0x0 c:/program files (x86)/atmel/studio/7.0/toolchain/avr8/avr8-gnu-toolchain/bin/../lib/gcc/avr/5.4.0/avr5\libgcc.a(_divmodsi4.o)
 .text.libgcc.builtins
                0x00000000        0x0 c:/program files (x86)/atmel/studio/7.0/toolchain/avr8/avr8-gnu-toolchain/bin/../lib/gcc/avr/5.4.0/avr5\libgcc.a(_divmodsi4.o)
 .text.libgcc.fmul
                0x00000000        0x0 c:/program files (x86)/atmel/studio/7.0/toolchain/avr8/avr8-gnu-toolchain/bin/../lib/gcc/avr/5.4.0/avr5\libgcc.a(_divmodsi4.o)
 .text.libgcc.fixed
                0x00000000        0x0 c:/program files (x86)/atmel/studio/7.0/toolchain/avr8/avr8-gnu-toolchain/bin/../lib/gcc/avr/5.4.0/avr5\libgcc.a(_divmodsi4.o)
 .text          0x00000000        0x0 c:/program files (x86)/atmel/studio/7.0/toolchain/avr8/avr8-gnu-toolchain/bin/../lib/gcc/avr/5.4.0/avr5\libgcc.a(_negsi2.o)
 .data          0x00000000        0x0 c:/program files (x86)/atmel/studio/7.0/toolchain/avr8/avr8-gnu-toolchain/bin/../lib/gcc/avr/5.4.0/avr5\libgcc.a(_negsi2.o)
 .bss           0x00000000        0x0 c:/program files (x86)/atmel/studio/7.0/toolchain/avr8/avr8-gnu-toolchain/bin/../lib/gcc/avr/5.4.0/avr5\libgcc.a(_negsi2.o)
 .text.libgcc.mul
                0x00000000        0x0 c:/program files (x86)/atmel/studio/7.0/toolchain/avr8/avr8-gnu-toolchain/bin/../lib/gcc/avr/5.4.0/avr5\libgcc.a(_negsi2.o)
 .text.libgcc   0x00000000        0x0 c:/program files (x86)/atmel/studio/7.0/toolchain/avr8/avr8-gnu-toolchain/bin/../lib/gcc/avr/5.4.0/avr5\libgcc.a(_negsi2.o)
 .text.libgcc.prologue
                0x00000000        0x0 c:/program files (x86)/atmel/studio/7.0/toolchain/avr8/avr8-gnu-toolchain/bin/../lib/gcc/avr/5.4.0/avr5\libgcc.a(_negsi2.o)
 .text.libgcc.builtins
                0x00000000        0x0 c:/program files (x86)/atmel/studio/7.0/toolchain/avr8/avr8-gnu-toolchain/bin/../lib/gcc/avr/5.4.0/avr5\libgcc.a(_negsi2.o)
 .text.libgcc.fmul
                0x00000000        0x0 c:/program files (x86)/atmel/studio/7.0/toolchain/avr8/avr8-gnu-toolchain/bin/../lib/gcc/avr/5.4.0/avr5\libgcc.a(_negsi2.o)
 .text.libgcc.fixed
                0x00000000        0x0 c:/program files (x86)/atmel/studio/7.0/toolchain/avr8/avr8-gnu-toolchain/bin/../lib/gcc/avr/5.4.0/avr5\libgcc.a(_negsi2.o)
 .text          0x00000000        0x0 c:/program files (x86)/atmel/studio/7.0/toolchain/avr8/avr8-gnu-toolchain/bin/../lib/gcc/avr/5.4.0/avr5\libgcc.a(_exit.o)
 .data          0x00000000        0x0 c:/program files (x86)/atmel/studio/7.0/toolchain/avr8/avr8-gnu-toolchain/bin/../lib/gcc/avr/5.4.0/avr5\libgcc.a(_exit.o)
 .bss           0x00000000        0x0 c:/program files (x86)/atmel/studio/7.0/toolchain/avr8/avr8-gnu-toolchain/bin/../lib/gcc/avr/5.4.0/avr5\libgcc.a(_exit.o)
 .text.libgcc.mul
                0x00000000        0x0 c:/program files (x86)/atmel/studio/7.0/toolchain/avr8/avr8-gnu-toolchain/bin/../lib/gcc/avr/5.4.0/avr5\libgcc.a(_exit.o)
 .text.libgcc.div
                0x00000000        0x0 c:/program files (x86)/atmel/studio/7.0/toolchain/avr8/avr8-gnu-toolchain/bin/../lib/gcc/avr/5.4.0/avr5\libgcc.a(_exit.o)
 .text.libgcc   0x00000000        0x0 c:/program files (x86)/atmel/studio/7.0/toolchain/avr8/avr8-gnu-toolchain/bin/../lib/gcc/avr/5.4.0/avr5\libgcc.a(_exit.o)
 .text.libgcc.prologue
                0x00000000        0x0 c:/program files (x86)/atmel/studio/7.0/toolchain/avr8/avr8-gnu-toolchain/bin/../lib/gcc/avr/5.4.0/avr5\libgcc.a(_exit.o)
 .text.libgcc.builtins
                0x00000000        0x0 c:/program files (x86)/atmel/studio/7.0/toolchain/avr8/avr8-gnu-toolchain/bin/../lib/gcc/avr/5.4.0/avr5\libgcc.a(_exit.o)
 .text.libgcc.fmul
                0x00000000        0x0 c:/program files (x86)/atmel/studio/7.0/toolchain/avr8/avr8-gnu-toolchain/bin/../lib/gcc/avr/5.4.0/avr5\libgcc.a(_exit.o)
 .text.libgcc.fixed
                0x00000000        0x0 c:/program files (x86)/atmel/studio/7.0/toolchain/avr8/avr8-gnu-toolchain/bin/../lib/gcc/avr/5.4.0/avr5\libgcc.a(_exit.o)
 .text          0x00000000        0x0 c:/program files (x86)/atmel/studio/7.0/toolchain/avr8/avr8-gnu-toolchain/bin/../lib/gcc/avr/5.4.0/avr5\libgcc.a(_copy_data.o)
 .data          0x00000000        0x0 c:/program files (x86)/atmel/studio/7.0/toolchain/avr8/avr8-gnu-toolchain/bin/../lib/gcc/avr/5.4.0/avr5\libgcc.a(_copy_data.o)
 .bss           0x00000000        0x0 c:/program files (x86)/atmel/studio/7.0/toolchain/avr8/avr8-gnu-toolchain/bin/../lib/gcc/avr/5.4.0/avr5\libgcc.a(_copy_data.o)
 .text.libgcc.mul
                0x00000000        0x0 c:/program files (x86)/atmel/studio/7.0/toolchain/avr8/avr8-gnu-toolchain/bin/../lib/gcc/avr/5.4.0/avr5\libgcc.a(_copy_data.o)
 .text.libgcc.div
                0x00000000        0x0 c:/program files (x86)/atmel/studio/7.0/toolchain/avr8/avr8-gnu-toolchain/bin/../lib/gcc/avr/5.4.0/avr5\libgcc.a(_copy_data.o)
 .text.libgcc   0x00000000        0x0 c:/program files (x86)/atmel/studio/7.0/toolchain/avr8/avr8-gnu-toolchain/bin/../lib/gcc/avr/5.4.0/avr5\libgcc.a(_copy_data.o)
 .text.libgcc.prologue
                0x00000000        0x0 c:/program files (x86)/atmel/studio/7.0/toolchain/avr8/avr8-gnu-toolchain/bin/../lib/gcc/avr/5.4.0/avr5\libgcc.a(_copy_data.o)
 .text.libgcc.builtins
                0x00000000        0x0 c:/program files (x86)/atmel/studio/7.0/toolchain/avr8/avr8-gnu-toolchain/bin/../lib/gcc/avr/5.4.0/avr5\libgcc.a(_copy_data.o)
 .text.libgcc.fmul
                0x00000000        0x0 c:/program files (x86)/atmel/studio/7.0/toolchain/avr8/avr8-gnu-toolchain/bin/../lib/gcc/avr/5.4.0/avr5\libgcc.a(_copy_data.o)
 .text.libgcc.fixed
                0x00000000        0x0 c:/program files (x86)/atmel/studio/7.0/toolchain/avr8/avr8-gnu-toolchain/bin/../lib/gcc/avr/5.4.0/avr5\libgcc.a(_copy_data.o)
 .text          0x00000000        0x0 c:/program files (x86)/atmel/studio/7.0/toolchain/avr8/avr8-gnu-toolchain/bin/../lib/gcc/avr/5.4.0/avr5\libgcc.a(_clear_bss.o)
 .data          0x00000000        0x0 c:/program files (x86)/atmel/studio/7.0/toolchain/avr8/avr8-gnu-toolchain/bin/../lib/gcc/avr/5.4.0/avr5\libgcc.a(_clear_bss.o)
 .bss           0x00000000        0x0 c:/program files (x86)/atmel/studio/7.0/toolchain/avr8/avr8-gnu-toolchain/bin/../lib/gcc/avr/5.4.0/avr5\libgcc.a(_clear_bss.o)
 .text.libgcc.mul
                0x00000000        0x0 c:/program files (x86)/atmel/studio/7.0/toolchain/avr8/avr8-gnu-toolchain/bin/../lib/gcc/avr/5.4.0/avr5\libgcc.a(_clear_bss.o)
 .text.libgcc.div
                0x00000000        0x0 c:/program files (x86)/atmel/studio/7.0/toolchain/avr8/avr8-gnu-toolchain/bin/../lib/gcc/avr/5.4.0/avr5\libgcc.a(_clear_bss.o)
 .text.libgcc   0x00000000        0x0 c:/program files (x86)/atmel/studio/7.0/toolchain/avr8/avr8-gnu-toolchain/bin/../lib/gcc/avr/5.4.0/avr5\libgcc.a(_clear_bss.o)
 .text.libgcc.prologue
                0x00000000        0x0 c:/program files (x86)/atmel/studio/7.0/toolchain/avr8/avr8-gnu-toolchain/bin/../lib/gcc/avr/5.4.0/avr5\libgcc.a(_clear_bss.o)
 .text.libgcc.builtins
                0x00000000        0x0 c:/program files (x86)/atmel/studio/7.0/toolchain/avr8/avr8-gnu-toolchain/bin/../lib/gcc/avr/5.4.0/avr5\libgcc.a(_clear_bss.o)
 .text.libgcc.fmul
                0x00000000        0x0 c:/program files (x86)/atmel/studio/7.0/toolchain/avr8/avr8-gnu-toolchain/bin/../lib/gcc/avr/5.4.0/avr5\libgcc.a(_clear_bss.o)
 .text.libgcc.fixed
                0x00000000        0x0 c:/program files (x86)/atmel/studio/7.0/toolchain/avr8/avr8-gnu-toolchain/bin/../lib/gcc/avr/5.4.0/avr5\libgcc.a(_clear_bss.o)

Memory Configuration

Name             Origin             Length             Attributes
text             0x00000000         0x00008000         xr
data             0x00800060         0x00000800         rw !x
eeprom           0x00810000         0x00000400         rw !x
fuse             0x00820000         0x00000002         rw !x
lock             0x00830000         0x00000400         rw !x
signature        0x00840000         0x00000400         rw !x
user_signatures  0x00850000         0x00000400         rw !x
*default*        0x00000000         0xffffffff

Linker script and memory map

LOAD C:/Program Files (x86)/Atmel/Studio/7.0/Packs/atmel/ATmega_DFP/1.7.374/gcc/dev/atmega32/avr5/crtatmega32.o
LOAD APP/Biometric_Attendance_Prog.o
LOAD HAL/EEPROM/EEPROM_Prog.o
LOAD HAL/FingerPrint/FingerPrint.o
LOAD HAL/KeyPad/Keypad_Prog.o
LOAD HAL/LCD/LCD_Prog.o
LOAD HAL/LED/LED_Prog.o
LOAD HAL/Relay/Relay_Prog.o
LOAD HAL/RTC/RTC_Prog.o
LOAD main.o
LOAD MCAL/DIO/DIO_Prog.o
LOAD MCAL/I2C/I2C_Prog.o
LOAD MCAL/UART/UART.o
START GROUP
LOAD c:/program files (x86)/atmel/studio/7.0/toolchain/avr8/avr8-gnu-toolchain/bin/../lib/gcc/avr/5.4.0/../../../../avr/lib/avr5\libm.a
END GROUP
START GROUP
LOAD c:/program files (x86)/atmel/studio/7.0/toolchain/avr8/avr8-gnu-toolchain/bin/../lib/gcc/avr/5.4.0/avr5\libgcc.a
LOAD c:/program files (x86)/atmel/studio/7.0/toolchain/avr8/avr8-gnu-toolchain/bin/../lib/gcc/avr/5.4.0/../../../../avr/lib/avr5\libm.a
LOAD c:/program files (x86)/atmel/studio/7.0/toolchain/avr8/avr8-gnu-toolchain/bin/../lib/gcc/avr/5.4.0/../../../../avr/lib/avr5\libc.a
LOAD C:/Program Files (x86)/Atmel/Studio/7.0/Packs/atmel/ATmega_DFP/1.7.374/gcc/dev/atmega32/avr5\libatmega32.a
END GROUP
                0x00000000                __TEXT_REGION_ORIGIN__ = DEFINED (__TEXT_REGION_ORIGIN__)?__TEXT_REGION_ORIGIN__:0x0
                [0x00800060]                __DATA_REGION_ORIGIN__ = DEFINED (__DATA_REGION_ORIGIN__)?__DATA_REGION_ORIGIN__:0x800060
                [0x00008000]                __TEXT_REGION_LENGTH__ = DEFINED (__TEXT_REGION_LENGTH__)?__TEXT_REGION_LENGTH__:0x20000
                [0x00000800]                __DATA_REGION_LENGTH__ = DEFINED (__DATA_REGION_LENGTH__)?__DATA_REGION_LENGTH__:0xffa0
                [0x00000400]                __EEPROM_REGION_LENGTH__ = DEFINED (__EEPROM_REGION_LENGTH__)?__EEPROM_REGION_LENGTH__:0x10000
                [0x00000002]                __FUSE_REGION_LENGTH__ = DEFINED (__FUSE_REGION_LENGTH__)?__FUSE_REGION_LENGTH__:0x400
                0x00000400                __LOCK_REGION_LENGTH__ = DEFINED (__LOCK_REGION_LENGTH__)?__LOCK_REGION_LENGTH__:0x400
                0x00000400                __SIGNATURE_REGION_LENGTH__ = DEFINED (__SIGNATURE_REGION_LENGTH__)?__SIGNATURE_REGION_LENGTH__:0x400
                0x00000400                __USER_SIGNATURE_REGION_LENGTH__ = DEFINED (__USER_SIGNATURE_REGION_LENGTH__)?__USER_SIGNATURE_REGION_LENGTH__:0x400

.hash
 *(.hash)

.dynsym
 *(.dynsym)

.dynstr
 *(.dynstr)

.gnu.version
 *(.gnu.version)

.gnu.version_d
 *(.gnu.version_d)

.gnu.version_r
 *(.gnu.version_r)

.rel.init
 *(.rel.init)

.rela.init
 *(.rela.init)

.rel.text
 *(.rel.text)
 *(.rel.text.*)
 *(.rel.gnu.linkonce.t*)

.rela.text
 *(.rela.text)
 *(.rela.text.*)
 *(.rela.gnu.linkonce.t*)

.rel.fini
 *(.rel.fini)

.rela.fini
 *(.rela.fini)

.rel.rodata
 *(.rel.rodata)
 *(.rel.rodata.*)
 *(.rel.gnu.linkonce.r*)

.rela.rodata
 *(.rela.rodata)
 *(.rela.rodata.*)
 *(.rela.gnu.linkonce.r*)

.rel.data
 *(.rel.data)
 *(.rel.data.*)
 *(.rel.gnu.linkonce.d*)

.rela.data
 *(.rela.data)
 *(.rela.data.*)
 *(.rela.gnu.linkonce.d*)

.rel.ctors
 *(.rel.ctors)

.rela.ctors
 *(.rela.ctors)

.rel.dtors
 *(.rel.dtors)

.rela.dtors
 *(.rela.dtors)

.rel.got
 *(.rel.got)

.rela.got
 *(.rela.got)

.rel.bss
 *(.rel.bss)

.rela.bss
 *(.rela.bss)

.rel.plt
 *(.rel.plt)

.rela.plt
 *(.rela.plt)

.text           0x00000000     0x13d4
 *(.vectors)
 .vectors       0x00000000       0x54 C:/Program Files (x86)/Atmel/Studio/7.0/Packs/atmel/ATmega_DFP/1.7.374/gcc/dev/atmega32/avr5/crtatmega32.o
                0x00000000                __vector_default
                0x00000000                __vectors
 *(.vectors)
 *(.progmem.gcc*)
                0x00000054                . = ALIGN (0x2)
                0x00000054                __trampolines_start = .
 *(.trampolines)
 .trampolines   0x00000054        0x0 linker stubs
 *(.trampolines*)
                0x00000054                __trampolines_end = .
 *libprintf_flt.a:*(.progmem.data)
 *libc.a:*(.progmem.data)
 *(.progmem*)
                0x00000054                . = ALIGN (0x2)
 *(.jumptables)
 *(.jumptables*)
 *(.lowtext)
 *(.lowtext*)
                0x00000054                __ctors_start = .
 *(.ctors)
                0x00000054                __ctors_end = .
                0x00000054                __dtors_start = .
 *(.dtors)
                0x00000054                __dtors_end = .
 SORT(*)(.ctors)
 SORT(*)(.dtors)
 *(.init0)
 .init0         0x00000054        0x0 C:/Program Files (x86)/Atmel/Studio/7.0/Packs/atmel/ATmega_DFP/1.7.374/gcc/dev/atmega32/avr5/crtatmega32.o
                0x00000054                __init
 *(.init0)
 *(.init1)
 *(.init1)
 *(.init2)
 .init2         0x00000054        0xc C:/Program Files (x86)/Atmel/Studio/7.0/Packs/atmel/ATmega_DFP/1.7.374/gcc/dev/atmega32/avr5/crtatmega32.o
 *(.init2)
 *(.init3)
 *(.init3)
 *(.init4)
 .init4         0x00000060       0x16 c:/program files (x86)/atmel/studio/7.0/toolchain/avr8/avr8-gnu-toolchain/bin/../lib/gcc/avr/5.4.0/avr5\libgcc.a(_copy_data.o)
                0x00000060                __do_copy_data
 .init4         0x00000076       0x10 c:/program files (x86)/atmel/studio/7.0/toolchain/avr8/avr8-gnu-toolchain/bin/../lib/gcc/avr/5.4.0/avr5\libgcc.a(_clear_bss.o)
                0x00000076                __do_clear_bss
 *(.init4)
 *(.init5)
 *(.init5)
 *(.init6)
 *(.init6)
 *(.init7)
 *(.init7)
 *(.init8)
 *(.init8)
 *(.init9)
 .init9         0x00000086        0x8 C:/Program Files (x86)/Atmel/Studio/7.0/Packs/atmel/ATmega_DFP/1.7.374/gcc/dev/atmega32/avr5/crtatmega32.o
 *(.init9)
 *(.text)
 .text          0x0000008e        0x4 C:/Program Files (x86)/Atmel/Studio/7.0/Packs/atmel/ATmega_DFP/1.7.374/gcc/dev/atmega32/avr5/crtatmega32.o
                0x0000008e                __vector_1
                0x0000008e                __vector_12
                0x0000008e                __bad_interrupt
                0x0000008e                __vector_6
                0x0000008e                __vector_3
                0x0000008e                __vector_11
                0x0000008e                __vector_17
                0x0000008e                __vector_19
                0x0000008e                __vector_7
                0x0000008e                __vector_5
                0x0000008e                __vector_4
                0x0000008e                __vector_9
                0x0000008e                __vector_2
                0x0000008e                __vector_15
                0x0000008e                __vector_8
                0x0000008e                __vector_14
                0x0000008e                __vector_10
                0x0000008e                __vector_16
                0x0000008e                __vector_18
                0x0000008e                __vector_20
                0x00000092                . = ALIGN (0x2)
 *(.text.*)
 .text.APP_Init
                0x00000092       0x58 APP/Biometric_Attendance_Prog.o
                0x00000092                APP_Init
 .text.APP_GetID
                0x000000ea       0x66 APP/Biometric_Attendance_Prog.o
                0x000000ea                APP_GetID
 .text.APP_CheckIDPresence
                0x00000150       0x18 APP/Biometric_Attendance_Prog.o
                0x00000150                APP_CheckIDPresence
 .text.APP_SetNewID
                0x00000168       0x10 APP/Biometric_Attendance_Prog.o
                0x00000168                APP_SetNewID
 .text.APP_NewEnrollemtSuccessful
                0x00000178       0x2c APP/Biometric_Attendance_Prog.o
                0x00000178                APP_NewEnrollemtSuccessful
 .text.APP_RTC_Display_Time_and_Date
                0x000001a4       0xc0 APP/Biometric_Attendance_Prog.o
                0x000001a4                APP_RTC_Display_Time_and_Date
 .text.APP_Confirm_Attendance_Success
                0x00000264       0x94 APP/Biometric_Attendance_Prog.o
                0x00000264                APP_Confirm_Attendance_Success
 .text.APP_PutFingerToScan
                0x000002f8        0xe APP/Biometric_Attendance_Prog.o
                0x000002f8                APP_PutFingerToScan
 .text.APP_WarningHandler
                0x00000306       0x78 APP/Biometric_Attendance_Prog.o
                0x00000306                APP_WarningHandler
 .text.H_Void_EEPROMWrite
                0x0000037e       0x3c HAL/EEPROM/EEPROM_Prog.o
                0x0000037e                H_Void_EEPROMWrite
 .text.H_Void_EEPROMRead
                0x000003ba       0x4e HAL/EEPROM/EEPROM_Prog.o
                0x000003ba                H_Void_EEPROMRead
 .text.FingerP_send
                0x00000408       0x4a HAL/FingerPrint/FingerPrint.o
                0x00000408                FingerP_send
 .text.FingerPS_AuraLedConfig
                0x00000452       0x36 HAL/FingerPrint/FingerPrint.o
                0x00000452                FingerPS_AuraLedConfig
 .text.FingerPS_genImg
                0x00000488       0x1e HAL/FingerPrint/FingerPrint.o
                0x00000488                FingerPS_genImg
 .text.FingerPS_convertImg1CharFile
                0x000004a6       0x50 HAL/FingerPrint/FingerPrint.o
                0x000004a6                FingerPS_convertImg1CharFile
 .text.FingerPS_convertImg2CharFile
                0x000004f6       0x50 HAL/FingerPrint/FingerPrint.o
                0x000004f6                FingerPS_convertImg2CharFile
 .text.FingerPS_genTemplate
                0x00000546       0x4a HAL/FingerPrint/FingerPrint.o
                0x00000546                FingerPS_genTemplate
 .text.FingerPS_strTemplate
                0x00000590       0x40 HAL/FingerPrint/FingerPrint.o
                0x00000590                FingerPS_strTemplate
 .text.FingerPS_LoadCharFile
                0x000005d0       0x68 HAL/FingerPrint/FingerPrint.o
                0x000005d0                FingerPS_LoadCharFile
 .text.FingerPS_match
                0x00000638       0x4a HAL/FingerPrint/FingerPrint.o
                0x00000638                FingerPS_match
 .text.FingerPS_CheckAck
                0x00000682       0x14 HAL/FingerPrint/FingerPrint.o
                0x00000682                FingerPS_CheckAck
 .text.FingerPS_SetNewFingerPrint
                0x00000696       0xc4 HAL/FingerPrint/FingerPrint.o
                0x00000696                FingerPS_SetNewFingerPrint
 .text.FingerPS_CheckOneToOneMatch
                0x0000075a       0x8c HAL/FingerPrint/FingerPrint.o
                0x0000075a                FingerPS_CheckOneToOneMatch
 .text.H_KeyPad_Void_KeyPadInit
                0x000007e6       0x62 HAL/KeyPad/Keypad_Prog.o
                0x000007e6                H_KeyPad_Void_KeyPadInit
 .text.H_KeyPad_U8_KeyPadRead
                0x00000848      0x116 HAL/KeyPad/Keypad_Prog.o
                0x00000848                H_KeyPad_U8_KeyPadRead
 .text.H_Lcd_Void_LCDWriteCharacter
                0x0000095e       0xc0 HAL/LCD/LCD_Prog.o
                0x0000095e                H_Lcd_Void_LCDWriteCharacter
 .text.H_Lcd_Void_LCDWriteCommand
                0x00000a1e       0xc0 HAL/LCD/LCD_Prog.o
                0x00000a1e                H_Lcd_Void_LCDWriteCommand
 .text.H_Lcd_Void_LCDInit
                0x00000ade       0x56 HAL/LCD/LCD_Prog.o
                0x00000ade                H_Lcd_Void_LCDInit
 .text.H_Lcd_Void_LCDWriteString
                0x00000b34       0x26 HAL/LCD/LCD_Prog.o
                0x00000b34                H_Lcd_Void_LCDWriteString
 .text.H_Lcd_Void_LCDClear
                0x00000b5a        0x8 HAL/LCD/LCD_Prog.o
                0x00000b5a                H_Lcd_Void_LCDClear
 .text.H_Lcd_Void_LCDWriteNumber
                0x00000b62       0xbe HAL/LCD/LCD_Prog.o
                0x00000b62                H_Lcd_Void_LCDWriteNumber
 .text.H_Lcd_Void_LCDGoTo
                0x00000c20       0x3e HAL/LCD/LCD_Prog.o
                0x00000c20                H_Lcd_Void_LCDGoTo
 .text.H_LED_Void_LedInit
                0x00000c5e       0x3e HAL/LED/LED_Prog.o
                0x00000c5e                H_LED_Void_LedInit
 .text.H_LED_Void_LedOn
                0x00000c9c       0x3e HAL/LED/LED_Prog.o
                0x00000c9c                H_LED_Void_LedOn
 .text.H_LED_Void_LedOff
                0x00000cda       0x3e HAL/LED/LED_Prog.o
                0x00000cda                H_LED_Void_LedOff
 .text.Relay_ON
                0x00000d18        0x8 HAL/Relay/Relay_Prog.o
                0x00000d18                Relay_ON
 .text.Relay_OFF
                0x00000d20        0x8 HAL/Relay/Relay_Prog.o
                0x00000d20                Relay_OFF
 .text.RTC_Init
                0x00000d28        0x6 HAL/RTC/RTC_Prog.o
                0x00000d28                RTC_Init
 .text.RTC_Get_Time
                0x00000d2e       0x78 HAL/RTC/RTC_Prog.o
                0x00000d2e                RTC_Get_Time
 .text.main     0x00000da6      0x1bc main.o
                0x00000da6                main
 .text.M_DIO_Void_SetPinDirection
                0x00000f62      0x112 MCAL/DIO/DIO_Prog.o
                0x00000f62                M_DIO_Void_SetPinDirection
 .text.M_DIO_Void_SetPinValue
                0x00001074      0x112 MCAL/DIO/DIO_Prog.o
                0x00001074                M_DIO_Void_SetPinValue
 .text.M_DIO_Void_GetPinValue
                0x00001186       0x88 MCAL/DIO/DIO_Prog.o
                0x00001186                M_DIO_Void_GetPinValue
 .text.M_Void_I2C_Init
                0x0000120e       0x3a MCAL/I2C/I2C_Prog.o
                0x0000120e                M_Void_I2C_Init
 .text.M_U8_I2C_Start
                0x00001248       0x16 MCAL/I2C/I2C_Prog.o
                0x00001248                M_U8_I2C_Start
 .text.M_U8_I2C_SendSlaveAddressWithWrite
                0x0000125e       0x12 MCAL/I2C/I2C_Prog.o
                0x0000125e                M_U8_I2C_SendSlaveAddressWithWrite
 .text.M_U8_I2C_Repeated_Start
                0x00001270       0x16 MCAL/I2C/I2C_Prog.o
                0x00001270                M_U8_I2C_Repeated_Start
 .text.M_U8_I2C_SendSlaveAddressWithRead
                0x00001286       0x12 MCAL/I2C/I2C_Prog.o
                0x00001286                M_U8_I2C_SendSlaveAddressWithRead
 .text.M_U8_I2C_Write
                0x00001298       0x12 MCAL/I2C/I2C_Prog.o
                0x00001298                M_U8_I2C_Write
 .text.M_U8_I2C_ReadWithAck
                0x000012aa        0xe MCAL/I2C/I2C_Prog.o
                0x000012aa                M_U8_I2C_ReadWithAck
 .text.M_U8_I2C_ReadWithNack
                0x000012b8        0xe MCAL/I2C/I2C_Prog.o
                0x000012b8                M_U8_I2C_ReadWithNack
 .text.M_Void_I2C_STOP
                0x000012c6        0xc MCAL/I2C/I2C_Prog.o
                0x000012c6                M_Void_I2C_STOP
 .text.UART_Init
                0x000012d2       0x20 MCAL/UART/UART.o
                0x000012d2                UART_Init
 .text.UART_sendByte
                0x000012f2        0xc MCAL/UART/UART.o
                0x000012f2                UART_sendByte
 .text.__vector_13
                0x000012fe       0x50 MCAL/UART/UART.o
                0x000012fe                __vector_13
 .text.libgcc.div
                0x0000134e       0x44 c:/program files (x86)/atmel/studio/7.0/toolchain/avr8/avr8-gnu-toolchain/bin/../lib/gcc/avr/5.4.0/avr5\libgcc.a(_udivmodsi4.o)
                0x0000134e                __udivmodsi4
 .text.libgcc.div
                0x00001392       0x2e c:/program files (x86)/atmel/studio/7.0/toolchain/avr8/avr8-gnu-toolchain/bin/../lib/gcc/avr/5.4.0/avr5\libgcc.a(_divmodsi4.o)
                0x00001392                __divmodsi4
 .text.libgcc.div
                0x000013c0       0x10 c:/program files (x86)/atmel/studio/7.0/toolchain/avr8/avr8-gnu-toolchain/bin/../lib/gcc/avr/5.4.0/avr5\libgcc.a(_negsi2.o)
                0x000013c0                __negsi2
                0x000013d0                . = ALIGN (0x2)
 *(.fini9)
 .fini9         0x000013d0        0x0 c:/program files (x86)/atmel/studio/7.0/toolchain/avr8/avr8-gnu-toolchain/bin/../lib/gcc/avr/5.4.0/avr5\libgcc.a(_exit.o)
                0x000013d0                _exit
                0x000013d0                exit
 *(.fini9)
 *(.fini8)
 *(.fini8)
 *(.fini7)
 *(.fini7)
 *(.fini6)
 *(.fini6)
 *(.fini5)
 *(.fini5)
 *(.fini4)
 *(.fini4)
 *(.fini3)
 *(.fini3)
 *(.fini2)
 *(.fini2)
 *(.fini1)
 *(.fini1)
 *(.fini0)
 .fini0         0x000013d0        0x4 c:/program files (x86)/atmel/studio/7.0/toolchain/avr8/avr8-gnu-toolchain/bin/../lib/gcc/avr/5.4.0/avr5\libgcc.a(_exit.o)
 *(.fini0)
                0x000013d4                _etext = .

.data           0x00800060      0x148 load address 0x000013d4
                0x00800060                PROVIDE (__data_start, .)
 *(.data)
 *(.data*)
 .data.RTC_Day_str_display
                0x00800060       0x1c HAL/RTC/RTC_Prog.o
                0x00800060                RTC_Day_str_display
 *(.gnu.linkonce.d*)
 *(.rodata)
 .rodata        0x0080007c       0x10 HAL/KeyPad/Keypad_Prog.o
 .rodata        0x0080008c        0x7 main.o
 *(.rodata*)
 .rodata.str1.1
                0x00800093      0x114 APP/Biometric_Attendance_Prog.o
 *(.gnu.linkonce.r*)
                0x008001a8                . = ALIGN (0x2)
 *fill*         0x008001a7        0x1 
                0x008001a8                _edata = .
                0x008001a8                PROVIDE (__data_end, .)

.bss            0x008001a8        0xf
                0x008001a8                PROVIDE (__bss_start, .)
 *(.bss)
 *(.bss*)
 .bss.AckPack   0x008001a8        0xc HAL/FingerPrint/FingerPrint.o
                0x008001a8                AckPack
 .bss.g_SystemState
                0x008001b4        0x1 main.o
                0x008001b4                g_SystemState
 .bss.ptr_func  0x008001b5        0x2 MCAL/UART/UART.o
                0x008001b5                ptr_func
 *(COMMON)
                0x008001b7                PROVIDE (__bss_end, .)
                0x000013d4                __data_load_start = LOADADDR (.data)
                0x0000151c                __data_load_end = (__data_load_start + SIZEOF (.data))

.noinit         0x008001b7        0x0
                [!provide]                PROVIDE (__noinit_start, .)
 *(.noinit*)
                [!provide]                PROVIDE (__noinit_end, .)
                0x008001b7                _end = .
                [!provide]                PROVIDE (__heap_start, .)

.eeprom         0x00810000        0x0
 *(.eeprom*)
                0x00810000                __eeprom_end = .

.fuse
 *(.fuse)
 *(.lfuse)
 *(.hfuse)
 *(.efuse)

.lock
 *(.lock*)

.signature
 *(.signature*)

.user_signatures
 *(.user_signatures*)

.stab
 *(.stab)

.stabstr
 *(.stabstr)

.stab.excl
 *(.stab.excl)

.stab.exclstr
 *(.stab.exclstr)

.stab.index
 *(.stab.index)

.stab.indexstr
 *(.stab.indexstr)

.comment        0x00000000       0x30
 *(.comment)
 .comment       0x00000000       0x30 APP/Biometric_Attendance_Prog.o
                                 0x31 (size before relaxing)
 .comment       0x00000030       0x31 HAL/EEPROM/EEPROM_Prog.o
 .comment       0x00000030       0x31 HAL/FingerPrint/FingerPrint.o
 .comment       0x00000030       0x31 HAL/KeyPad/Keypad_Prog.o
 .comment       0x00000030       0x31 HAL/LCD/LCD_Prog.o
 .comment       0x00000030       0x31 HAL/LED/LED_Prog.o
 .comment       0x00000030       0x31 HAL/Relay/Relay_Prog.o
 .comment       0x00000030       0x31 HAL/RTC/RTC_Prog.o
 .comment       0x00000030       0x31 main.o
 .comment       0x00000030       0x31 MCAL/DIO/DIO_Prog.o
 .comment       0x00000030       0x31 MCAL/I2C/I2C_Prog.o
 .comment       0x00000030       0x31 MCAL/UART/UART.o

.note.gnu.avr.deviceinfo
                0x00000000       0x3c
 .note.gnu.avr.deviceinfo
                0x00000000       0x3c C:/Program Files (x86)/Atmel/Studio/7.0/Packs/atmel/ATmega_DFP/1.7.374/gcc/dev/atmega32/avr5/crtatmega32.o

.note.gnu.build-id
 *(.note.gnu.build-id)

.debug
 *(.debug)

.line
 *(.line)

.debug_srcinfo
 *(.debug_srcinfo)

.debug_sfnames
 *(.debug_sfnames)

.debug_aranges  0x00000000      0x348
 *(.debug_aranges)
 .debug_aranges
                0x00000000       0x60 APP/Biometric_Attendance_Prog.o
 .debug_aranges
                0x00000060       0x28 HAL/EEPROM/EEPROM_Prog.o
 .debug_aranges
                0x00000088       0x90 HAL/FingerPrint/FingerPrint.o
 .debug_aranges
                0x00000118       0x28 HAL/KeyPad/Keypad_Prog.o
 .debug_aranges
                0x00000140       0x50 HAL/LCD/LCD_Prog.o
 .debug_aranges
                0x00000190       0x40 HAL/LED/LED_Prog.o
 .debug_aranges
                0x000001d0       0x30 HAL/Relay/Relay_Prog.o
 .debug_aranges
                0x00000200       0x40 HAL/RTC/RTC_Prog.o
 .debug_aranges
                0x00000240       0x20 main.o
 .debug_aranges
                0x00000260       0x40 MCAL/DIO/DIO_Prog.o
 .debug_aranges
                0x000002a0       0x60 MCAL/I2C/I2C_Prog.o
 .debug_aranges
                0x00000300       0x48 MCAL/UART/UART.o

.debug_pubnames
 *(.debug_pubnames)

.debug_info     0x00000000     0x40da
 *(.debug_info .gnu.linkonce.wi.*)
 .debug_info    0x00000000      0x4e6 C:/Program Files (x86)/Atmel/Studio/7.0/Packs/atmel/ATmega_DFP/1.7.374/gcc/dev/atmega32/avr5/crtatmega32.o
 .debug_info    0x000004e6      0xa1f APP/Biometric_Attendance_Prog.o
 .debug_info    0x00000f05      0x1f8 HAL/EEPROM/EEPROM_Prog.o
 .debug_info    0x000010fd      0xe9b HAL/FingerPrint/FingerPrint.o
 .debug_info    0x00001f98      0x37d HAL/KeyPad/Keypad_Prog.o
 .debug_info    0x00002315      0x846 HAL/LCD/LCD_Prog.o
 .debug_info    0x00002b5b      0x4c1 HAL/LED/LED_Prog.o
 .debug_info    0x0000301c      0x165 HAL/Relay/Relay_Prog.o
 .debug_info    0x00003181      0x454 HAL/RTC/RTC_Prog.o
 .debug_info    0x000035d5      0x547 main.o
 .debug_info    0x00003b1c      0x201 MCAL/DIO/DIO_Prog.o
 .debug_info    0x00003d1d      0x1e2 MCAL/I2C/I2C_Prog.o
 .debug_info    0x00003eff      0x1db MCAL/UART/UART.o

.debug_abbrev   0x00000000     0x1325
 *(.debug_abbrev)
 .debug_abbrev  0x00000000      0x4a3 C:/Program Files (x86)/Atmel/Studio/7.0/Packs/atmel/ATmega_DFP/1.7.374/gcc/dev/atmega32/avr5/crtatmega32.o
 .debug_abbrev  0x000004a3      0x241 APP/Biometric_Attendance_Prog.o
 .debug_abbrev  0x000006e4       0xb8 HAL/EEPROM/EEPROM_Prog.o
 .debug_abbrev  0x0000079c      0x1ec HAL/FingerPrint/FingerPrint.o
 .debug_abbrev  0x00000988      0x14a HAL/KeyPad/Keypad_Prog.o
 .debug_abbrev  0x00000ad2      0x16b HAL/LCD/LCD_Prog.o
 .debug_abbrev  0x00000c3d      0x10d HAL/LED/LED_Prog.o
 .debug_abbrev  0x00000d4a       0xa7 HAL/Relay/Relay_Prog.o
 .debug_abbrev  0x00000df1      0x118 HAL/RTC/RTC_Prog.o
 .debug_abbrev  0x00000f09      0x180 main.o
 .debug_abbrev  0x00001089       0xb8 MCAL/DIO/DIO_Prog.o
 .debug_abbrev  0x00001141       0xa9 MCAL/I2C/I2C_Prog.o
 .debug_abbrev  0x000011ea      0x13b MCAL/UART/UART.o

.debug_line     0x00000000     0x2289
 *(.debug_line .debug_line.* .debug_line_end)
 .debug_line    0x00000000      0x116 C:/Program Files (x86)/Atmel/Studio/7.0/Packs/atmel/ATmega_DFP/1.7.374/gcc/dev/atmega32/avr5/crtatmega32.o
 .debug_line    0x00000116      0x542 APP/Biometric_Attendance_Prog.o
 .debug_line    0x00000658      0x10b HAL/EEPROM/EEPROM_Prog.o
 .debug_line    0x00000763      0x649 HAL/FingerPrint/FingerPrint.o
 .debug_line    0x00000dac      0x263 HAL/KeyPad/Keypad_Prog.o
 .debug_line    0x0000100f      0x39e HAL/LCD/LCD_Prog.o
 .debug_line    0x000013ad      0x287 HAL/LED/LED_Prog.o
 .debug_line    0x00001634       0xe3 HAL/Relay/Relay_Prog.o
 .debug_line    0x00001717      0x1fc HAL/RTC/RTC_Prog.o
 .debug_line    0x00001913      0x3eb main.o
 .debug_line    0x00001cfe      0x1f0 MCAL/DIO/DIO_Prog.o
 .debug_line    0x00001eee      0x1fe MCAL/I2C/I2C_Prog.o
 .debug_line    0x000020ec      0x19d MCAL/UART/UART.o

.debug_frame    0x00000000      0x718
 *(.debug_frame)
 .debug_frame   0x00000000       0xd4 APP/Biometric_Attendance_Prog.o
 .debug_frame   0x000000d4       0x58 HAL/EEPROM/EEPROM_Prog.o
 .debug_frame   0x0000012c      0x144 HAL/FingerPrint/FingerPrint.o
 .debug_frame   0x00000270       0x74 HAL/KeyPad/Keypad_Prog.o
 .debug_frame   0x000002e4       0xe0 HAL/LCD/LCD_Prog.o
 .debug_frame   0x000003c4       0x64 HAL/LED/LED_Prog.o
 .debug_frame   0x00000428       0x4c HAL/Relay/Relay_Prog.o
 .debug_frame   0x00000474       0x9c HAL/RTC/RTC_Prog.o
 .debug_frame   0x00000510       0x34 main.o
 .debug_frame   0x00000544       0x64 MCAL/DIO/DIO_Prog.o
 .debug_frame   0x000005a8       0xa4 MCAL/I2C/I2C_Prog.o
 .debug_frame   0x0000064c       0xcc MCAL/UART/UART.o

.debug_str      0x00000000      0xf33
 *(.debug_str)
 .debug_str     0x00000000      0x196 C:/Program Files (x86)/Atmel/Studio/7.0/Packs/atmel/ATmega_DFP/1.7.374/gcc/dev/atmega32/avr5/crtatmega32.o
 .debug_str     0x00000196      0x5d3 APP/Biometric_Attendance_Prog.o
                                0x634 (size before relaxing)
 .debug_str     0x00000769       0xc2 HAL/EEPROM/EEPROM_Prog.o
                                0x26d (size before relaxing)
 .debug_str     0x0000082b      0x23a HAL/FingerPrint/FingerPrint.o
                                0x428 (size before relaxing)
 .debug_str     0x00000a65       0xfa HAL/KeyPad/Keypad_Prog.o
                                0x2f7 (size before relaxing)
 .debug_str     0x00000b5f       0xc9 HAL/LCD/LCD_Prog.o
                                0x359 (size before relaxing)
 .debug_str     0x00000c28       0x6d HAL/LED/LED_Prog.o
                                0x29f (size before relaxing)
 .debug_str     0x00000c95       0x2e HAL/Relay/Relay_Prog.o
                                0x1f1 (size before relaxing)
 .debug_str     0x00000cc3       0xc5 HAL/RTC/RTC_Prog.o
                                0x332 (size before relaxing)
 .debug_str     0x00000d88       0x49 main.o
                                0x569 (size before relaxing)
 .debug_str     0x00000dd1       0x6b MCAL/DIO/DIO_Prog.o
                                0x255 (size before relaxing)
 .debug_str     0x00000e3c       0x42 MCAL/I2C/I2C_Prog.o
                                0x28b (size before relaxing)
 .debug_str     0x00000e7e       0xb5 MCAL/UART/UART.o
                                0x266 (size before relaxing)

.debug_loc      0x00000000     0x1c5b
 *(.debug_loc)
 .debug_loc     0x00000000      0x321 APP/Biometric_Attendance_Prog.o
 .debug_loc     0x00000321      0x146 HAL/EEPROM/EEPROM_Prog.o
 .debug_loc     0x00000467      0x501 HAL/FingerPrint/FingerPrint.o
 .debug_loc     0x00000968      0x1a2 HAL/KeyPad/Keypad_Prog.o
 .debug_loc     0x00000b0a      0x4dc HAL/LCD/LCD_Prog.o
 .debug_loc     0x00000fe6      0x33c HAL/LED/LED_Prog.o
 .debug_loc     0x00001322       0x90 HAL/Relay/Relay_Prog.o
 .debug_loc     0x000013b2      0x268 HAL/RTC/RTC_Prog.o
 .debug_loc     0x0000161a      0x15a main.o
 .debug_loc     0x00001774      0x27a MCAL/DIO/DIO_Prog.o
 .debug_loc     0x000019ee       0xf0 MCAL/I2C/I2C_Prog.o
 .debug_loc     0x00001ade      0x17d MCAL/UART/UART.o

.debug_macinfo
 *(.debug_macinfo)

.debug_weaknames
 *(.debug_weaknames)

.debug_funcnames
 *(.debug_funcnames)

.debug_typenames
 *(.debug_typenames)

.debug_varnames
 *(.debug_varnames)

.debug_pubtypes
 *(.debug_pubtypes)

.debug_ranges   0x00000000      0x288
 *(.debug_ranges)
 .debug_ranges  0x00000000       0x50 APP/Biometric_Attendance_Prog.o
 .debug_ranges  0x00000050       0x18 HAL/EEPROM/EEPROM_Prog.o
 .debug_ranges  0x00000068       0x80 HAL/FingerPrint/FingerPrint.o
 .debug_ranges  0x000000e8       0x18 HAL/KeyPad/Keypad_Prog.o
 .debug_ranges  0x00000100       0x40 HAL/LCD/LCD_Prog.o
 .debug_ranges  0x00000140       0x30 HAL/LED/LED_Prog.o
 .debug_ranges  0x00000170       0x20 HAL/Relay/Relay_Prog.o
 .debug_ranges  0x00000190       0x30 HAL/RTC/RTC_Prog.o
 .debug_ranges  0x000001c0       0x10 main.o
 .debug_ranges  0x000001d0       0x30 MCAL/DIO/DIO_Prog.o
 .debug_ranges  0x00000200       0x50 MCAL/I2C/I2C_Prog.o
 .debug_ranges  0x00000250       0x38 MCAL/UART/UART.o

.debug_macro
 *(.debug_macro)
OUTPUT(AttendanceBiometricSystem.elf elf32-avr)
LOAD linker stubs
