Archive member included to satisfy reference by file (symbol)

c:/program files (x86)/atmel/studio/7.0/toolchain/avr8/avr8-gnu-toolchain/bin/../lib/gcc/avr/5.4.0/avr5\libgcc.a(_udivmodsi4.o)
                              MCAL/I2C/I2C_Prog.o (__udivmodsi4)
c:/program files (x86)/atmel/studio/7.0/toolchain/avr8/avr8-gnu-toolchain/bin/../lib/gcc/avr/5.4.0/avr5\libgcc.a(_divmodsi4.o)
                              HAL/LCD/LCD_Prog.o (__divmodsi4)
c:/program files (x86)/atmel/studio/7.0/toolchain/avr8/avr8-gnu-toolchain/bin/../lib/gcc/avr/5.4.0/avr5\libgcc.a(_negsi2.o)
                              c:/program files (x86)/atmel/studio/7.0/toolchain/avr8/avr8-gnu-toolchain/bin/../lib/gcc/avr/5.4.0/avr5\libgcc.a(_divmodsi4.o) (__negsi2)
c:/program files (x86)/atmel/studio/7.0/toolchain/avr8/avr8-gnu-toolchain/bin/../lib/gcc/avr/5.4.0/avr5\libgcc.a(_exit.o)
                              C:/Program Files (x86)/Atmel/Studio/7.0/Packs/atmel/ATmega_DFP/1.7.374/gcc/dev/atmega32/avr5/crtatmega32.o (exit)
c:/program files (x86)/atmel/studio/7.0/toolchain/avr8/avr8-gnu-toolchain/bin/../lib/gcc/avr/5.4.0/avr5\libgcc.a(_copy_data.o)
                              APP/Biometric_Attendance_Prog.o (__do_copy_data)
c:/program files (x86)/atmel/studio/7.0/toolchain/avr8/avr8-gnu-toolchain/bin/../lib/gcc/avr/5.4.0/avr5\libgcc.a(_clear_bss.o)
                              HAL/FingerPrint/FingerPrint.o (__do_clear_bss)

Discarded input sections

 .data          0x00000000        0x0 C:/Program Files (x86)/Atmel/Studio/7.0/Packs/atmel/ATmega_DFP/1.7.374/gcc/dev/atmega32/avr5/crtatmega32.o
 .bss           0x00000000        0x0 C:/Program Files (x86)/Atmel/Studio/7.0/Packs/atmel/ATmega_DFP/1.7.374/gcc/dev/atmega32/avr5/crtatmega32.o
 .text          0x00000000        0x0 APP/Biometric_Attendance_Prog.o
 .data          0x00000000        0x0 APP/Biometric_Attendance_Prog.o
 .bss           0x00000000        0x0 APP/Biometric_Attendance_Prog.o
 .text          0x00000000        0x0 HAL/EEPROM/EEPROM_Prog.o
 .data          0x00000000        0x0 HAL/EEPROM/EEPROM_Prog.o
 .bss           0x00000000        0x0 HAL/EEPROM/EEPROM_Prog.o
 .text          0x00000000        0x0 HAL/FingerPrint/FingerPrint.o
 .data          0x00000000        0x0 HAL/FingerPrint/FingerPrint.o
 .bss           0x00000000        0x0 HAL/FingerPrint/FingerPrint.o
 .text.FingerPS_handShake
                0x00000000       0x1e HAL/FingerPrint/FingerPrint.o
 .text.FingerPS_searchFinger
                0x00000000       0x3c HAL/FingerPrint/FingerPrint.o
 .text.StoreAckBytes
                0x00000000       0x20 HAL/FingerPrint/FingerPrint.o
 .bss.i.1815    0x00000000        0x1 HAL/FingerPrint/FingerPrint.o
 .text          0x00000000        0x0 HAL/KeyPad/Keypad_Prog.o
 .data          0x00000000        0x0 HAL/KeyPad/Keypad_Prog.o
 .bss           0x00000000        0x0 HAL/KeyPad/Keypad_Prog.o
 .text          0x00000000        0x0 HAL/LCD/LCD_Prog.o
 .data          0x00000000        0x0 HAL/LCD/LCD_Prog.o
 .bss           0x00000000        0x0 HAL/LCD/LCD_Prog.o
 .text          0x00000000        0x0 HAL/LED/LED_Prog.o
 .data          0x00000000        0x0 HAL/LED/LED_Prog.o
 .bss           0x00000000        0x0 HAL/LED/LED_Prog.o
 .text.H_LED_Void_LedBlink
                0x00000000       0xa6 HAL/LED/LED_Prog.o
 .text.H_LED_Void_LedTog
                0x00000000       0x36 HAL/LED/LED_Prog.o
 .text          0x00000000        0x0 HAL/Relay/Relay_Prog.o
 .data          0x00000000        0x0 HAL/Relay/Relay_Prog.o
 .bss           0x00000000        0x0 HAL/Relay/Relay_Prog.o
 .text.Relay_Init
                0x00000000       0x16 HAL/Relay/Relay_Prog.o
 .text          0x00000000        0x0 HAL/RTC/RTC_Prog.o
 .data          0x00000000        0x0 HAL/RTC/RTC_Prog.o
 .bss           0x00000000        0x0 HAL/RTC/RTC_Prog.o
 .text.RTC_Set_Time
                0x00000000       0xae HAL/RTC/RTC_Prog.o
 .text.RTC_Set_Date
                0x00000000       0xb2 HAL/RTC/RTC_Prog.o
 .text.RTC_Get_Date
                0x00000000       0x7e HAL/RTC/RTC_Prog.o
 .text          0x00000000        0x0 main.o
 .data          0x00000000        0x0 main.o
 .bss           0x00000000        0x0 main.o
 .text          0x00000000        0x0 MCAL/DIO/DIO_Prog.o
 .data          0x00000000        0x0 MCAL/DIO/DIO_Prog.o
 .bss           0x00000000        0x0 MCAL/DIO/DIO_Prog.o
 .text.M_DIO_Void_TogPin
                0x00000000       0x94 MCAL/DIO/DIO_Prog.o
 .text.M_DIO_Void_SetPinPullUpRes
                0x00000000      0x112 MCAL/DIO/DIO_Prog.o
 .text          0x00000000        0x0 MCAL/I2C/I2C_Prog.o
 .data          0x00000000        0x0 MCAL/I2C/I2C_Prog.o
 .bss           0x00000000        0x0 MCAL/I2C/I2C_Prog.o
 .text          0x00000000        0x0 MCAL/UART/UART.o
 .data          0x00000000        0x0 MCAL/UART/UART.o
 .bss           0x00000000        0x0 MCAL/UART/UART.o
 .text.UART_sendString
                0x00000000       0x26 MCAL/UART/UART.o
 .text.UART_receiveByteSynch
                0x00000000        0x8 MCAL/UART/UART.o
 .text.UART_receiveByteAsynchCallBack
                0x00000000        0xa MCAL/UART/UART.o
 .text          0x00000000        0x0 c:/program files (x86)/atmel/studio/7.0/toolchain/avr8/avr8-gnu-toolchain/bin/../lib/gcc/avr/5.4.0/avr5\libgcc.a(_udivmodsi4.o)
 .data          0x00000000        0x0 c:/program files (x86)/atmel/studio/7.0/toolchain/avr8/avr8-gnu-toolchain/bin/../lib/gcc/avr/5.4.0/avr5\libgcc.a(_udivmodsi4.o)
 .bss           0x00000000        0x0 c:/program files (x86)/atmel/studio/7.0/toolchain/avr8/avr8-gnu-toolchain/bin/../lib/gcc/avr/5.4.0/avr5\libgcc.a(_udivmodsi4.o)
 .text.libgcc.mul
                0x00000000        0x0 c:/program files (x86)/atmel/studio/7.0/toolchain/avr8/avr8-gnu-toolchain/bin/../lib/gcc/avr/5.4.0/avr5\libgcc.a(_udivmodsi4.o)
 .text.libgcc   0x00000000        0x0 c:/program files (x86)/atmel/studio/7.0/toolchain/avr8/avr8-gnu-toolchain/bin/../lib/gcc/avr/5.4.0/avr5\libgcc.a(_udivmodsi4.o)
 .text.libgcc.prologue
                0x00000000        0x0 c:/program files (x86)/atmel/studio/7.0/toolchain/avr8/avr8-gnu-toolchain/bin/../lib/gcc/avr/5.4.0/avr5\libgcc.a(_udivmodsi4.o)
 .text.libgcc.builtins
                0x00000000        0x0 c:/program files (x86)/atmel/studio/7.0/toolchain/avr8/avr8-gnu-toolchain/bin/../lib/gcc/avr/5.4.0/avr5\libgcc.a(_udivmodsi4.o)
 .text.libgcc.fmul
                0x00000000        0x0 c:/program files (x86)/atmel/studio/7.0/toolchain/avr8/avr8-gnu-toolchain/bin/../lib/gcc/avr/5.4.0/avr5\libgcc.a(_udivmodsi4.o)
 .text.libgcc.fixed
                0x00000000        0x0 c:/program files (x86)/atmel/studio/7.0/toolchain/avr8/avr8-gnu-toolchain/bin/../lib/gcc/avr/5.4.0/avr5\libgcc.a(_udivmodsi4.o)
 .text          0x00000000        0x0 c:/program files (x86)/atmel/studio/7.0/toolchain/avr8/avr8-gnu-toolchain/bin/../lib/gcc/avr/5.4.0/avr5\libgcc.a(_divmodsi4.o)
 .data          0x00000000        0x0 c:/program files (x86)/atmel/studio/7.0/toolchain/avr8/avr8-gnu-toolchain/bin/../lib/gcc/avr/5.4.0/avr5\libgcc.a(_divmodsi4.o)
 .bss           0x00000000        0x0 c:/program files (x86)/atmel/studio/7.0/toolchain/avr8/avr8-gnu-toolchain/bin/../lib/gcc/avr/5.4.0/avr5\libgcc.a(_divmodsi4.o)
 .text.libgcc.mul
                0x00000000        0x0 c:/program files (x86)/atmel/studio/7.0/toolchain/avr8/avr8-gnu-toolchain/bin/../lib/gcc/avr/5.4.0/avr5\libgcc.a(_divmodsi4.o)
 .text.libgcc   0x00000000        0x0 c:/program files (x86)/atmel/studio/7.0/toolchain/avr8/avr8-gnu-toolchain/bin/../lib/gcc/avr/5.4.0/avr5\libgcc.a(_divmodsi4.o)
 .text.libgcc.prologue
                0x00000000        0x0 c:/program files (x86)/atmel/studio/7.0/toolchain/avr8/avr8-gnu-toolchain/bin/../lib/gcc/avr/5.4.0/avr5\libgcc.a(_divmodsi4.o)
 .text.libgcc.builtins
                0x00000000        0x0 c:/program files (x86)/atmel/studio/7.0/toolchain/avr8/avr8-gnu-toolchain/bin/../lib/gcc/avr/5.4.0/avr5\libgcc.a(_divmodsi4.o)
 .text.libgcc.fmul
                0x00000000        0x0 c:/program files (x86)/atmel/studio/7.0/toolchain/avr8/avr8-gnu-toolchain/bin/../lib/gcc/avr/5.4.0/avr5\libgcc.a(_divmodsi4.o)
 .text.libgcc.fixed
                0x00000000        0x0 c:/program files (x86)/atmel/studio/7.0/toolchain/avr8/avr8-gnu-toolchain/bin/../lib/gcc/avr/5.4.0/avr5\libgcc.a(_divmodsi4.o)
 .text          0x00000000        0x0 c:/program files (x86)/atmel/studio/7.0/toolchain/avr8/avr8-gnu-toolchain/bin/../lib/gcc/avr/5.4.0/avr5\libgcc.a(_negsi2.o)
 .data          0x00000000        0x0 c:/program files (x86)/atmel/studio/7.0/toolchain/avr8/avr8-gnu-toolchain/bin/../lib/gcc/avr/5.4.0/avr5\libgcc.a(_negsi2.o)
 .bss           0x00000000        0x0 c:/program files (x86)/atmel/studio/7.0/toolchain/avr8/avr8-gnu-toolchain/bin/../lib/gcc/avr/5.4.0/avr5\libgcc.a(_negsi2.o)
 .text.libgcc.mul
                0x00000000        0x0 c:/program files (x86)/atmel/studio/7.0/toolchain/avr8/avr8-gnu-toolchain/bin/../lib/gcc/avr/5.4.0/avr5\libgcc.a(_negsi2.o)
 .text.libgcc   0x00000000        0x0 c:/program files (x86)/atmel/studio/7.0/toolchain/avr8/avr8-gnu-toolchain/bin/../lib/gcc/avr/5.4.0/avr5\libgcc.a(_negsi2.o)
 .text.libgcc.prologue
                0x00000000        0x0 c:/program files (x86)/atmel/studio/7.0/toolchain/avr8/avr8-gnu-toolchain/bin/../lib/gcc/avr/5.4.0/avr5\libgcc.a(_negsi2.o)
 .text.libgcc.builtins
                0x00000000        0x0 c:/program files (x86)/atmel/studio/7.0/toolchain/avr8/avr8-gnu-toolchain/bin/../lib/gcc/avr/5.4.0/avr5\libgcc.a(_negsi2.o)
 .text.libgcc.fmul
                0x00000000        0x0 c:/program files (x86)/atmel/studio/7.0/toolchain/avr8/avr8-gnu-toolchain/bin/../lib/gcc/avr/5.4.0/avr5\libgcc.a(_negsi2.o)
 .text.libgcc.fixed
                0x00000000        0x0 c:/program files (x86)/atmel/studio/7.0/toolchain/avr8/avr8-gnu-toolchain/bin/../lib/gcc/avr/5.4.0/avr5\libgcc.a(_negsi2.o)
 .text          0x00000000        0x0 c:/program files (x86)/atmel/studio/7.0/toolchain/avr8/avr8-gnu-toolchain/bin/../lib/gcc/avr/5.4.0/avr5\libgcc.a(_exit.o)
 .data          0x00000000        0x0 c:/program files (x86)/atmel/studio/7.0/toolchain/avr8/avr8-gnu-toolchain/bin/../lib/gcc/avr/5.4.0/avr5\libgcc.a(_exit.o)
 .bss           0x00000000        0x0 c:/program files (x86)/atmel/studio/7.0/toolchain/avr8/avr8-gnu-toolchain/bin/../lib/gcc/avr/5.4.0/avr5\libgcc.a(_exit.o)
 .text.libgcc.mul
                0x00000000        0x0 c:/program files (x86)/atmel/studio/7.0/toolchain/avr8/avr8-gnu-toolchain/bin/../lib/gcc/avr/5.4.0/avr5\libgcc.a(_exit.o)
 .text.libgcc.div
                0x00000000        0x0 c:/program files (x86)/atmel/studio/7.0/toolchain/avr8/avr8-gnu-toolchain/bin/../lib/gcc/avr/5.4.0/avr5\libgcc.a(_exit.o)
 .text.libgcc   0x00000000        0x0 c:/program files (x86)/atmel/studio/7.0/toolchain/avr8/avr8-gnu-toolchain/bin/../lib/gcc/avr/5.4.0/avr5\libgcc.a(_exit.o)
 .text.libgcc.prologue
                0x00000000        0x0 c:/program files (x86)/atmel/studio/7.0/toolchain/avr8/avr8-gnu-toolchain/bin/../lib/gcc/avr/5.4.0/avr5\libgcc.a(_exit.o)
 .text.libgcc.builtins
                0x00000000        0x0 c:/program files (x86)/atmel/studio/7.0/toolchain/avr8/avr8-gnu-toolchain/bin/../lib/gcc/avr/5.4.0/avr5\libgcc.a(_exit.o)
 .text.libgcc.fmul
                0x00000000        0x0 c:/program files (x86)/atmel/studio/7.0/toolchain/avr8/avr8-gnu-toolchain/bin/../lib/gcc/avr/5.4.0/avr5\libgcc.a(_exit.o)
 .text.libgcc.fixed
                0x00000000        0x0 c:/program files (x86)/atmel/studio/7.0/toolchain/avr8/avr8-gnu-toolchain/bin/../lib/gcc/avr/5.4.0/avr5\libgcc.a(_exit.o)
 .text          0x00000000        0x0 c:/program files (x86)/atmel/studio/7.0/toolchain/avr8/avr8-gnu-toolchain/bin/../lib/gcc/avr/5.4.0/avr5\libgcc.a(_copy_data.o)
 .data          0x00000000        0x0 c:/program files (x86)/atmel/studio/7.0/toolchain/avr8/avr8-gnu-toolchain/bin/../lib/gcc/avr/5.4.0/avr5\libgcc.a(_copy_data.o)
 .bss           0x00000000        0x0 c:/program files (x86)/atmel/studio/7.0/toolchain/avr8/avr8-gnu-toolchain/bin/../lib/gcc/avr/5.4.0/avr5\libgcc.a(_copy_data.o)
 .text.libgcc.mul
                0x00000000        0x0 c:/program files (x86)/atmel/studio/7.0/toolchain/avr8/avr8-gnu-toolchain/bin/../lib/gcc/avr/5.4.0/avr5\libgcc.a(_copy_data.o)
 .text.libgcc.div
                0x00000000        0x0 c:/program files (x86)/atmel/studio/7.0/toolchain/avr8/avr8-gnu-toolchain/bin/../lib/gcc/avr/5.4.0/avr5\libgcc.a(_copy_data.o)
 .text.libgcc   0x00000000        0x0 c:/program files (x86)/atmel/studio/7.0/toolchain/avr8/avr8-gnu-toolchain/bin/../lib/gcc/avr/5.4.0/avr5\libgcc.a(_copy_data.o)
 .text.libgcc.prologue
                0x00000000        0x0 c:/program files (x86)/atmel/studio/7.0/toolchain/avr8/avr8-gnu-toolchain/bin/../lib/gcc/avr/5.4.0/avr5\libgcc.a(_copy_data.o)
 .text.libgcc.builtins
                0x00000000        0x0 c:/program files (x86)/atmel/studio/7.0/toolchain/avr8/avr8-gnu-toolchain/bin/../lib/gcc/avr/5.4.0/avr5\libgcc.a(_copy_data.o)
 .text.libgcc.fmul
                0x00000000        0x0 c:/program files (x86)/atmel/studio/7.0/toolchain/avr8/avr8-gnu-toolchain/bin/../lib/gcc/avr/5.4.0/avr5\libgcc.a(_copy_data.o)
 .text.libgcc.fixed
                0x00000000        0x0 c:/program files (x86)/atmel/studio/7.0/toolchain/avr8/avr8-gnu-toolchain/bin/../lib/gcc/avr/5.4.0/avr5\libgcc.a(_copy_data.o)
 .text          0x00000000        0x0 c:/program files (x86)/atmel/studio/7.0/toolchain/avr8/avr8-gnu-toolchain/bin/../lib/gcc/avr/5.4.0/avr5\libgcc.a(_clear_bss.o)
 .data          0x00000000        0x0 c:/program files (x86)/atmel/studio/7.0/toolchain/avr8/avr8-gnu-toolchain/bin/../lib/gcc/avr/5.4.0/avr5\libgcc.a(_clear_bss.o)
 .bss           0x00000000        0x0 c:/program files (x86)/atmel/studio/7.0/toolchain/avr8/avr8-gnu-toolchain/bin/../lib/gcc/avr/5.4.0/avr5\libgcc.a(_clear_bss.o)
 .text.libgcc.mul
                0x00000000        0x0 c:/program files (x86)/atmel/studio/7.0/toolchain/avr8/avr8-gnu-toolchain/bin/../lib/gcc/avr/5.4.0/avr5\libgcc.a(_clear_bss.o)
 .text.libgcc.div
                0x00000000        0x0 c:/program files (x86)/atmel/studio/7.0/toolchain/avr8/avr8-gnu-toolchain/bin/../lib/gcc/avr/5.4.0/avr5\libgcc.a(_clear_bss.o)
 .text.libgcc   0x00000000        0x0 c:/program files (x86)/atmel/studio/7.0/toolchain/avr8/avr8-gnu-toolchain/bin/../lib/gcc/avr/5.4.0/avr5\libgcc.a(_clear_bss.o)
 .text.libgcc.prologue
                0x00000000        0x0 c:/program files (x86)/atmel/studio/7.0/toolchain/avr8/avr8-gnu-toolchain/bin/../lib/gcc/avr/5.4.0/avr5\libgcc.a(_clear_bss.o)
 .text.libgcc.builtins
                0x00000000        0x0 c:/program files (x86)/atmel/studio/7.0/toolchain/avr8/avr8-gnu-toolchain/bin/../lib/gcc/avr/5.4.0/avr5\libgcc.a(_clear_bss.o)
 .text.libgcc.fmul
                0x00000000        0x0 c:/program files (x86)/atmel/studio/7.0/toolchain/avr8/avr8-gnu-toolchain/bin/../lib/gcc/avr/5.4.0/avr5\libgcc.a(_clear_bss.o)
 .text.libgcc.fixed
                0x00000000        0x0 c:/program files (x86)/atmel/studio/7.0/toolchain/avr8/avr8-gnu-toolchain/bin/../lib/gcc/avr/5.4.0/avr5\libgcc.a(_clear_bss.o)

Memory Configuration

Name             Origin             Length             Attributes
text             0x00000000         0x00008000         xr
data             0x00800060         0x00000800         rw !x
eeprom           0x00810000         0x00000400         rw !x
fuse             0x00820000         0x00000002         rw !x
lock             0x00830000         0x00000400         rw !x
signature        0x00840000         0x00000400         rw !x
user_signatures  0x00850000         0x00000400         rw !x
*default*        0x00000000         0xffffffff

Linker script and memory map

LOAD C:/Program Files (x86)/Atmel/Studio/7.0/Packs/atmel/ATmega_DFP/1.7.374/gcc/dev/atmega32/avr5/crtatmega32.o
LOAD APP/Biometric_Attendance_Prog.o
LOAD HAL/EEPROM/EEPROM_Prog.o
LOAD HAL/FingerPrint/FingerPrint.o
LOAD HAL/KeyPad/Keypad_Prog.o
LOAD HAL/LCD/LCD_Prog.o
LOAD HAL/LED/LED_Prog.o
LOAD HAL/Relay/Relay_Prog.o
LOAD HAL/RTC/RTC_Prog.o
LOAD main.o
LOAD MCAL/DIO/DIO_Prog.o
LOAD MCAL/I2C/I2C_Prog.o
LOAD MCAL/UART/UART.o
START GROUP
LOAD c:/program files (x86)/atmel/studio/7.0/toolchain/avr8/avr8-gnu-toolchain/bin/../lib/gcc/avr/5.4.0/../../../../avr/lib/avr5\libm.a
END GROUP
START GROUP
LOAD c:/program files (x86)/atmel/studio/7.0/toolchain/avr8/avr8-gnu-toolchain/bin/../lib/gcc/avr/5.4.0/avr5\libgcc.a
LOAD c:/program files (x86)/atmel/studio/7.0/toolchain/avr8/avr8-gnu-toolchain/bin/../lib/gcc/avr/5.4.0/../../../../avr/lib/avr5\libm.a
LOAD c:/program files (x86)/atmel/studio/7.0/toolchain/avr8/avr8-gnu-toolchain/bin/../lib/gcc/avr/5.4.0/../../../../avr/lib/avr5\libc.a
LOAD C:/Program Files (x86)/Atmel/Studio/7.0/Packs/atmel/ATmega_DFP/1.7.374/gcc/dev/atmega32/avr5\libatmega32.a
END GROUP
                0x00000000                __TEXT_REGION_ORIGIN__ = DEFINED (__TEXT_REGION_ORIGIN__)?__TEXT_REGION_ORIGIN__:0x0
                [0x00800060]                __DATA_REGION_ORIGIN__ = DEFINED (__DATA_REGION_ORIGIN__)?__DATA_REGION_ORIGIN__:0x800060
                [0x00008000]                __TEXT_REGION_LENGTH__ = DEFINED (__TEXT_REGION_LENGTH__)?__TEXT_REGION_LENGTH__:0x20000
                [0x00000800]                __DATA_REGION_LENGTH__ = DEFINED (__DATA_REGION_LENGTH__)?__DATA_REGION_LENGTH__:0xffa0
                [0x00000400]                __EEPROM_REGION_LENGTH__ = DEFINED (__EEPROM_REGION_LENGTH__)?__EEPROM_REGION_LENGTH__:0x10000
                [0x00000002]                __FUSE_REGION_LENGTH__ = DEFINED (__FUSE_REGION_LENGTH__)?__FUSE_REGION_LENGTH__:0x400
                0x00000400                __LOCK_REGION_LENGTH__ = DEFINED (__LOCK_REGION_LENGTH__)?__LOCK_REGION_LENGTH__:0x400
                0x00000400                __SIGNATURE_REGION_LENGTH__ = DEFINED (__SIGNATURE_REGION_LENGTH__)?__SIGNATURE_REGION_LENGTH__:0x400
                0x00000400                __USER_SIGNATURE_REGION_LENGTH__ = DEFINED (__USER_SIGNATURE_REGION_LENGTH__)?__USER_SIGNATURE_REGION_LENGTH__:0x400

.hash
 *(.hash)

.dynsym
 *(.dynsym)

.dynstr
 *(.dynstr)

.gnu.version
 *(.gnu.version)

.gnu.version_d
 *(.gnu.version_d)

.gnu.version_r
 *(.gnu.version_r)

.rel.init
 *(.rel.init)

.rela.init
 *(.rela.init)

.rel.text
 *(.rel.text)
 *(.rel.text.*)
 *(.rel.gnu.linkonce.t*)

.rela.text
 *(.rela.text)
 *(.rela.text.*)
 *(.rela.gnu.linkonce.t*)

.rel.fini
 *(.rel.fini)

.rela.fini
 *(.rela.fini)

.rel.rodata
 *(.rel.rodata)
 *(.rel.rodata.*)
 *(.rel.gnu.linkonce.r*)

.rela.rodata
 *(.rela.rodata)
 *(.rela.rodata.*)
 *(.rela.gnu.linkonce.r*)

.rel.data
 *(.rel.data)
 *(.rel.data.*)
 *(.rel.gnu.linkonce.d*)

.rela.data
 *(.rela.data)
 *(.rela.data.*)
 *(.rela.gnu.linkonce.d*)

.rel.ctors
 *(.rel.ctors)

.rela.ctors
 *(.rela.ctors)

.rel.dtors
 *(.rel.dtors)

.rela.dtors
 *(.rela.dtors)

.rel.got
 *(.rel.got)

.rela.got
 *(.rela.got)

.rel.bss
 *(.rel.bss)

.rela.bss
 *(.rela.bss)

.rel.plt
 *(.rel.plt)

.rela.plt
 *(.rela.plt)

.text           0x00000000     0x1402
 *(.vectors)
 .vectors       0x00000000       0x54 C:/Program Files (x86)/Atmel/Studio/7.0/Packs/atmel/ATmega_DFP/1.7.374/gcc/dev/atmega32/avr5/crtatmega32.o
                0x00000000                __vector_default
                0x00000000                __vectors
 *(.vectors)
 *(.progmem.gcc*)
                0x00000054                . = ALIGN (0x2)
                0x00000054                __trampolines_start = .
 *(.trampolines)
 .trampolines   0x00000054        0x0 linker stubs
 *(.trampolines*)
                0x00000054                __trampolines_end = .
 *libprintf_flt.a:*(.progmem.data)
 *libc.a:*(.progmem.data)
 *(.progmem*)
                0x00000054                . = ALIGN (0x2)
 *(.jumptables)
 *(.jumptables*)
 *(.lowtext)
 *(.lowtext*)
                0x00000054                __ctors_start = .
 *(.ctors)
                0x00000054                __ctors_end = .
                0x00000054                __dtors_start = .
 *(.dtors)
                0x00000054                __dtors_end = .
 SORT(*)(.ctors)
 SORT(*)(.dtors)
 *(.init0)
 .init0         0x00000054        0x0 C:/Program Files (x86)/Atmel/Studio/7.0/Packs/atmel/ATmega_DFP/1.7.374/gcc/dev/atmega32/avr5/crtatmega32.o
                0x00000054                __init
 *(.init0)
 *(.init1)
 *(.init1)
 *(.init2)
 .init2         0x00000054        0xc C:/Program Files (x86)/Atmel/Studio/7.0/Packs/atmel/ATmega_DFP/1.7.374/gcc/dev/atmega32/avr5/crtatmega32.o
 *(.init2)
 *(.init3)
 *(.init3)
 *(.init4)
 .init4         0x00000060       0x16 c:/program files (x86)/atmel/studio/7.0/toolchain/avr8/avr8-gnu-toolchain/bin/../lib/gcc/avr/5.4.0/avr5\libgcc.a(_copy_data.o)
                0x00000060                __do_copy_data
 .init4         0x00000076       0x10 c:/program files (x86)/atmel/studio/7.0/toolchain/avr8/avr8-gnu-toolchain/bin/../lib/gcc/avr/5.4.0/avr5\libgcc.a(_clear_bss.o)
                0x00000076                __do_clear_bss
 *(.init4)
 *(.init5)
 *(.init5)
 *(.init6)
 *(.init6)
 *(.init7)
 *(.init7)
 *(.init8)
 *(.init8)
 *(.init9)
 .init9         0x00000086        0x8 C:/Program Files (x86)/Atmel/Studio/7.0/Packs/atmel/ATmega_DFP/1.7.374/gcc/dev/atmega32/avr5/crtatmega32.o
 *(.init9)
 *(.text)
 .text          0x0000008e        0x4 C:/Program Files (x86)/Atmel/Studio/7.0/Packs/atmel/ATmega_DFP/1.7.374/gcc/dev/atmega32/avr5/crtatmega32.o
                0x0000008e                __vector_1
                0x0000008e                __vector_12
                0x0000008e                __bad_interrupt
                0x0000008e                __vector_6
                0x0000008e                __vector_3
                0x0000008e                __vector_11
                0x0000008e                __vector_17
                0x0000008e                __vector_19
                0x0000008e                __vector_7
                0x0000008e                __vector_5
                0x0000008e                __vector_4
                0x0000008e                __vector_9
                0x0000008e                __vector_2
                0x0000008e                __vector_15
                0x0000008e                __vector_8
                0x0000008e                __vector_14
                0x0000008e                __vector_10
                0x0000008e                __vector_16
                0x0000008e                __vector_18
                0x0000008e                __vector_20
                0x00000092                . = ALIGN (0x2)
 *(.text.*)
 .text.APP_Init
                0x00000092       0x5c APP/Biometric_Attendance_Prog.o
                0x00000092                APP_Init
 .text.APP_GetID
                0x000000ee       0x6e APP/Biometric_Attendance_Prog.o
                0x000000ee                APP_GetID
 .text.APP_CheckIDPresence
                0x0000015c       0x18 APP/Biometric_Attendance_Prog.o
                0x0000015c                APP_CheckIDPresence
 .text.APP_SetNewID
                0x00000174       0x10 APP/Biometric_Attendance_Prog.o
                0x00000174                APP_SetNewID
 .text.APP_NewEnrollemtSuccessful
                0x00000184       0x2c APP/Biometric_Attendance_Prog.o
                0x00000184                APP_NewEnrollemtSuccessful
 .text.APP_RTC_Display_Time_and_Date
                0x000001b0       0xc0 APP/Biometric_Attendance_Prog.o
                0x000001b0                APP_RTC_Display_Time_and_Date
 .text.APP_Confirm_Attendance_Success
                0x00000270       0x94 APP/Biometric_Attendance_Prog.o
                0x00000270                APP_Confirm_Attendance_Success
 .text.APP_PutFingerToScan
                0x00000304        0xe APP/Biometric_Attendance_Prog.o
                0x00000304                APP_PutFingerToScan
 .text.APP_WarningHandler
                0x00000312       0x7e APP/Biometric_Attendance_Prog.o
                0x00000312                APP_WarningHandler
 .text.H_Void_EEPROMWrite
                0x00000390       0x3c HAL/EEPROM/EEPROM_Prog.o
                0x00000390                H_Void_EEPROMWrite
 .text.H_Void_EEPROMRead
                0x000003cc       0x4e HAL/EEPROM/EEPROM_Prog.o
                0x000003cc                H_Void_EEPROMRead
 .text.FingerP_send
                0x0000041a       0x4a HAL/FingerPrint/FingerPrint.o
                0x0000041a                FingerP_send
 .text.FingerPS_AuraLedConfig
                0x00000464       0x36 HAL/FingerPrint/FingerPrint.o
                0x00000464                FingerPS_AuraLedConfig
 .text.FingerPS_genImg
                0x0000049a       0x1e HAL/FingerPrint/FingerPrint.o
                0x0000049a                FingerPS_genImg
 .text.FingerPS_convertImg1CharFile
                0x000004b8       0x50 HAL/FingerPrint/FingerPrint.o
                0x000004b8                FingerPS_convertImg1CharFile
 .text.FingerPS_convertImg2CharFile
                0x00000508       0x50 HAL/FingerPrint/FingerPrint.o
                0x00000508                FingerPS_convertImg2CharFile
 .text.FingerPS_genTemplate
                0x00000558       0x4a HAL/FingerPrint/FingerPrint.o
                0x00000558                FingerPS_genTemplate
 .text.FingerPS_strTemplate
                0x000005a2       0x40 HAL/FingerPrint/FingerPrint.o
                0x000005a2                FingerPS_strTemplate
 .text.FingerPS_LoadCharFile
                0x000005e2       0x68 HAL/FingerPrint/FingerPrint.o
                0x000005e2                FingerPS_LoadCharFile
 .text.FingerPS_match
                0x0000064a       0x4a HAL/FingerPrint/FingerPrint.o
                0x0000064a                FingerPS_match
 .text.FingerPS_CheckAck
                0x00000694       0x14 HAL/FingerPrint/FingerPrint.o
                0x00000694                FingerPS_CheckAck
 .text.FingerPS_SetNewFingerPrint
                0x000006a8       0xf4 HAL/FingerPrint/FingerPrint.o
                0x000006a8                FingerPS_SetNewFingerPrint
 .text.FingerPS_CheckOneToOneMatch
                0x0000079c       0x8c HAL/FingerPrint/FingerPrint.o
                0x0000079c                FingerPS_CheckOneToOneMatch
 .text.H_KeyPad_Void_KeyPadInit
                0x00000828       0x62 HAL/KeyPad/Keypad_Prog.o
                0x00000828                H_KeyPad_Void_KeyPadInit
 .text.H_KeyPad_U8_KeyPadRead
                0x0000088a      0x116 HAL/KeyPad/Keypad_Prog.o
                0x0000088a                H_KeyPad_U8_KeyPadRead
 .text.H_Lcd_Void_LCDWriteCharacter
                0x000009a0       0xc0 HAL/LCD/LCD_Prog.o
                0x000009a0                H_Lcd_Void_LCDWriteCharacter
 .text.H_Lcd_Void_LCDWriteCommand
                0x00000a60       0xc0 HAL/LCD/LCD_Prog.o
                0x00000a60                H_Lcd_Void_LCDWriteCommand
 .text.H_Lcd_Void_LCDInit
                0x00000b20       0x56 HAL/LCD/LCD_Prog.o
                0x00000b20                H_Lcd_Void_LCDInit
 .text.H_Lcd_Void_LCDWriteString
                0x00000b76       0x26 HAL/LCD/LCD_Prog.o
                0x00000b76                H_Lcd_Void_LCDWriteString
 .text.H_Lcd_Void_LCDClear
                0x00000b9c        0x8 HAL/LCD/LCD_Prog.o
                0x00000b9c                H_Lcd_Void_LCDClear
 .text.H_Lcd_Void_LCDWriteNumber
                0x00000ba4       0xbe HAL/LCD/LCD_Prog.o
                0x00000ba4                H_Lcd_Void_LCDWriteNumber
 .text.H_Lcd_Void_LCDGoTo
                0x00000c62       0x3e HAL/LCD/LCD_Prog.o
                0x00000c62                H_Lcd_Void_LCDGoTo
 .text.H_LED_Void_LedInit
                0x00000ca0       0x3e HAL/LED/LED_Prog.o
                0x00000ca0                H_LED_Void_LedInit
 .text.H_LED_Void_LedOn
                0x00000cde       0x3e HAL/LED/LED_Prog.o
                0x00000cde                H_LED_Void_LedOn
 .text.H_LED_Void_LedOff
                0x00000d1c       0x3e HAL/LED/LED_Prog.o
                0x00000d1c                H_LED_Void_LedOff
 .text.Relay_ON
                0x00000d5a        0x8 HAL/Relay/Relay_Prog.o
                0x00000d5a                Relay_ON
 .text.Relay_OFF
                0x00000d62        0x8 HAL/Relay/Relay_Prog.o
                0x00000d62                Relay_OFF
 .text.RTC_Init
                0x00000d6a        0x6 HAL/RTC/RTC_Prog.o
                0x00000d6a                RTC_Init
 .text.RTC_Get_Time
                0x00000d70       0x78 HAL/RTC/RTC_Prog.o
                0x00000d70                RTC_Get_Time
 .text.main     0x00000de8      0x1a8 main.o
                0x00000de8                main
 .text.M_DIO_Void_SetPinDirection
                0x00000f90      0x112 MCAL/DIO/DIO_Prog.o
                0x00000f90                M_DIO_Void_SetPinDirection
 .text.M_DIO_Void_SetPinValue
                0x000010a2      0x112 MCAL/DIO/DIO_Prog.o
                0x000010a2                M_DIO_Void_SetPinValue
 .text.M_DIO_Void_GetPinValue
                0x000011b4       0x88 MCAL/DIO/DIO_Prog.o
                0x000011b4                M_DIO_Void_GetPinValue
 .text.M_Void_I2C_Init
                0x0000123c       0x3a MCAL/I2C/I2C_Prog.o
                0x0000123c                M_Void_I2C_Init
 .text.M_U8_I2C_Start
                0x00001276       0x16 MCAL/I2C/I2C_Prog.o
                0x00001276                M_U8_I2C_Start
 .text.M_U8_I2C_SendSlaveAddressWithWrite
                0x0000128c       0x12 MCAL/I2C/I2C_Prog.o
                0x0000128c                M_U8_I2C_SendSlaveAddressWithWrite
 .text.M_U8_I2C_Repeated_Start
                0x0000129e       0x16 MCAL/I2C/I2C_Prog.o
                0x0000129e                M_U8_I2C_Repeated_Start
 .text.M_U8_I2C_SendSlaveAddressWithRead
                0x000012b4       0x12 MCAL/I2C/I2C_Prog.o
                0x000012b4                M_U8_I2C_SendSlaveAddressWithRead
 .text.M_U8_I2C_Write
                0x000012c6       0x12 MCAL/I2C/I2C_Prog.o
                0x000012c6                M_U8_I2C_Write
 .text.M_U8_I2C_ReadWithAck
                0x000012d8        0xe MCAL/I2C/I2C_Prog.o
                0x000012d8                M_U8_I2C_ReadWithAck
 .text.M_U8_I2C_ReadWithNack
                0x000012e6        0xe MCAL/I2C/I2C_Prog.o
                0x000012e6                M_U8_I2C_ReadWithNack
 .text.M_Void_I2C_STOP
                0x000012f4        0xc MCAL/I2C/I2C_Prog.o
                0x000012f4                M_Void_I2C_STOP
 .text.UART_Init
                0x00001300       0x20 MCAL/UART/UART.o
                0x00001300                UART_Init
 .text.UART_sendByte
                0x00001320        0xc MCAL/UART/UART.o
                0x00001320                UART_sendByte
 .text.__vector_13
                0x0000132c       0x50 MCAL/UART/UART.o
                0x0000132c                __vector_13
 .text.libgcc.div
                0x0000137c       0x44 c:/program files (x86)/atmel/studio/7.0/toolchain/avr8/avr8-gnu-toolchain/bin/../lib/gcc/avr/5.4.0/avr5\libgcc.a(_udivmodsi4.o)
                0x0000137c                __udivmodsi4
 .text.libgcc.div
                0x000013c0       0x2e c:/program files (x86)/atmel/studio/7.0/toolchain/avr8/avr8-gnu-toolchain/bin/../lib/gcc/avr/5.4.0/avr5\libgcc.a(_divmodsi4.o)
                0x000013c0                __divmodsi4
 .text.libgcc.div
                0x000013ee       0x10 c:/program files (x86)/atmel/studio/7.0/toolchain/avr8/avr8-gnu-toolchain/bin/../lib/gcc/avr/5.4.0/avr5\libgcc.a(_negsi2.o)
                0x000013ee                __negsi2
                0x000013fe                . = ALIGN (0x2)
 *(.fini9)
 .fini9         0x000013fe        0x0 c:/program files (x86)/atmel/studio/7.0/toolchain/avr8/avr8-gnu-toolchain/bin/../lib/gcc/avr/5.4.0/avr5\libgcc.a(_exit.o)
                0x000013fe                _exit
                0x000013fe                exit
 *(.fini9)
 *(.fini8)
 *(.fini8)
 *(.fini7)
 *(.fini7)
 *(.fini6)
 *(.fini6)
 *(.fini5)
 *(.fini5)
 *(.fini4)
 *(.fini4)
 *(.fini3)
 *(.fini3)
 *(.fini2)
 *(.fini2)
 *(.fini1)
 *(.fini1)
 *(.fini0)
 .fini0         0x000013fe        0x4 c:/program files (x86)/atmel/studio/7.0/toolchain/avr8/avr8-gnu-toolchain/bin/../lib/gcc/avr/5.4.0/avr5\libgcc.a(_exit.o)
 *(.fini0)
                0x00001402                _etext = .

.data           0x00800060      0x13e load address 0x00001402
                0x00800060                PROVIDE (__data_start, .)
 *(.data)
 *(.data*)
 .data.RTC_Day_str_display
                0x00800060       0x1c HAL/RTC/RTC_Prog.o
                0x00800060                RTC_Day_str_display
 *(.gnu.linkonce.d*)
 *(.rodata)
 .rodata        0x0080007c       0x10 HAL/KeyPad/Keypad_Prog.o
 .rodata        0x0080008c        0x7 main.o
 *(.rodata*)
 .rodata.str1.1
                0x00800093      0x10b APP/Biometric_Attendance_Prog.o
 *(.gnu.linkonce.r*)
                0x0080019e                . = ALIGN (0x2)
                0x0080019e                _edata = .
                0x0080019e                PROVIDE (__data_end, .)

.bss            0x0080019e        0xf
                0x0080019e                PROVIDE (__bss_start, .)
 *(.bss)
 *(.bss*)
 .bss.AckPack   0x0080019e        0xc HAL/FingerPrint/FingerPrint.o
                0x0080019e                AckPack
 .bss.g_SystemState
                0x008001aa        0x1 main.o
                0x008001aa                g_SystemState
 .bss.ptr_func  0x008001ab        0x2 MCAL/UART/UART.o
                0x008001ab                ptr_func
 *(COMMON)
                0x008001ad                PROVIDE (__bss_end, .)
                0x00001402                __data_load_start = LOADADDR (.data)
                0x00001540                __data_load_end = (__data_load_start + SIZEOF (.data))

.noinit         0x008001ad        0x0
                [!provide]                PROVIDE (__noinit_start, .)
 *(.noinit*)
                [!provide]                PROVIDE (__noinit_end, .)
                0x008001ad                _end = .
                [!provide]                PROVIDE (__heap_start, .)

.eeprom         0x00810000        0x0
 *(.eeprom*)
                0x00810000                __eeprom_end = .

.fuse
 *(.fuse)
 *(.lfuse)
 *(.hfuse)
 *(.efuse)

.lock
 *(.lock*)

.signature
 *(.signature*)

.user_signatures
 *(.user_signatures*)

.stab
 *(.stab)

.stabstr
 *(.stabstr)

.stab.excl
 *(.stab.excl)

.stab.exclstr
 *(.stab.exclstr)

.stab.index
 *(.stab.index)

.stab.indexstr
 *(.stab.indexstr)

.comment        0x00000000       0x30
 *(.comment)
 .comment       0x00000000       0x30 APP/Biometric_Attendance_Prog.o
                                 0x31 (size before relaxing)
 .comment       0x00000030       0x31 HAL/EEPROM/EEPROM_Prog.o
 .comment       0x00000030       0x31 HAL/FingerPrint/FingerPrint.o
 .comment       0x00000030       0x31 HAL/KeyPad/Keypad_Prog.o
 .comment       0x00000030       0x31 HAL/LCD/LCD_Prog.o
 .comment       0x00000030       0x31 HAL/LED/LED_Prog.o
 .comment       0x00000030       0x31 HAL/Relay/Relay_Prog.o
 .comment       0x00000030       0x31 HAL/RTC/RTC_Prog.o
 .comment       0x00000030       0x31 main.o
 .comment       0x00000030       0x31 MCAL/DIO/DIO_Prog.o
 .comment       0x00000030       0x31 MCAL/I2C/I2C_Prog.o
 .comment       0x00000030       0x31 MCAL/UART/UART.o

.note.gnu.avr.deviceinfo
                0x00000000       0x3c
 .note.gnu.avr.deviceinfo
                0x00000000       0x3c C:/Program Files (x86)/Atmel/Studio/7.0/Packs/atmel/ATmega_DFP/1.7.374/gcc/dev/atmega32/avr5/crtatmega32.o

.note.gnu.build-id
 *(.note.gnu.build-id)

.debug
 *(.debug)

.line
 *(.line)

.debug_srcinfo
 *(.debug_srcinfo)

.debug_sfnames
 *(.debug_sfnames)

.debug_aranges  0x00000000      0x348
 *(.debug_aranges)
 .debug_aranges
                0x00000000       0x60 APP/Biometric_Attendance_Prog.o
 .debug_aranges
                0x00000060       0x28 HAL/EEPROM/EEPROM_Prog.o
 .debug_aranges
                0x00000088       0x90 HAL/FingerPrint/FingerPrint.o
 .debug_aranges
                0x00000118       0x28 HAL/KeyPad/Keypad_Prog.o
 .debug_aranges
                0x00000140       0x50 HAL/LCD/LCD_Prog.o
 .debug_aranges
                0x00000190       0x40 HAL/LED/LED_Prog.o
 .debug_aranges
                0x000001d0       0x30 HAL/Relay/Relay_Prog.o
 .debug_aranges
                0x00000200       0x40 HAL/RTC/RTC_Prog.o
 .debug_aranges
                0x00000240       0x20 main.o
 .debug_aranges
                0x00000260       0x40 MCAL/DIO/DIO_Prog.o
 .debug_aranges
                0x000002a0       0x60 MCAL/I2C/I2C_Prog.o
 .debug_aranges
                0x00000300       0x48 MCAL/UART/UART.o

.debug_pubnames
 *(.debug_pubnames)

.debug_info     0x00000000     0x4163
 *(.debug_info .gnu.linkonce.wi.*)
 .debug_info    0x00000000      0x4e6 C:/Program Files (x86)/Atmel/Studio/7.0/Packs/atmel/ATmega_DFP/1.7.374/gcc/dev/atmega32/avr5/crtatmega32.o
 .debug_info    0x000004e6      0x9f9 APP/Biometric_Attendance_Prog.o
 .debug_info    0x00000edf      0x1f8 HAL/EEPROM/EEPROM_Prog.o
 .debug_info    0x000010d7      0xf4d HAL/FingerPrint/FingerPrint.o
 .debug_info    0x00002024      0x37d HAL/KeyPad/Keypad_Prog.o
 .debug_info    0x000023a1      0x846 HAL/LCD/LCD_Prog.o
 .debug_info    0x00002be7      0x4c1 HAL/LED/LED_Prog.o
 .debug_info    0x000030a8      0x165 HAL/Relay/Relay_Prog.o
 .debug_info    0x0000320d      0x454 HAL/RTC/RTC_Prog.o
 .debug_info    0x00003661      0x52f main.o
 .debug_info    0x00003b90      0x201 MCAL/DIO/DIO_Prog.o
 .debug_info    0x00003d91      0x1f7 MCAL/I2C/I2C_Prog.o
 .debug_info    0x00003f88      0x1db MCAL/UART/UART.o

.debug_abbrev   0x00000000     0x1343
 *(.debug_abbrev)
 .debug_abbrev  0x00000000      0x4a3 C:/Program Files (x86)/Atmel/Studio/7.0/Packs/atmel/ATmega_DFP/1.7.374/gcc/dev/atmega32/avr5/crtatmega32.o
 .debug_abbrev  0x000004a3      0x23e APP/Biometric_Attendance_Prog.o
 .debug_abbrev  0x000006e1       0xb8 HAL/EEPROM/EEPROM_Prog.o
 .debug_abbrev  0x00000799      0x204 HAL/FingerPrint/FingerPrint.o
 .debug_abbrev  0x0000099d      0x14a HAL/KeyPad/Keypad_Prog.o
 .debug_abbrev  0x00000ae7      0x16b HAL/LCD/LCD_Prog.o
 .debug_abbrev  0x00000c52      0x10d HAL/LED/LED_Prog.o
 .debug_abbrev  0x00000d5f       0xa7 HAL/Relay/Relay_Prog.o
 .debug_abbrev  0x00000e06      0x118 HAL/RTC/RTC_Prog.o
 .debug_abbrev  0x00000f1e      0x17e main.o
 .debug_abbrev  0x0000109c       0xb8 MCAL/DIO/DIO_Prog.o
 .debug_abbrev  0x00001154       0xb4 MCAL/I2C/I2C_Prog.o
 .debug_abbrev  0x00001208      0x13b MCAL/UART/UART.o

.debug_line     0x00000000     0x22c6
 *(.debug_line .debug_line.* .debug_line_end)
 .debug_line    0x00000000      0x116 C:/Program Files (x86)/Atmel/Studio/7.0/Packs/atmel/ATmega_DFP/1.7.374/gcc/dev/atmega32/avr5/crtatmega32.o
 .debug_line    0x00000116      0x567 APP/Biometric_Attendance_Prog.o
 .debug_line    0x0000067d      0x10b HAL/EEPROM/EEPROM_Prog.o
 .debug_line    0x00000788      0x66d HAL/FingerPrint/FingerPrint.o
 .debug_line    0x00000df5      0x263 HAL/KeyPad/Keypad_Prog.o
 .debug_line    0x00001058      0x39e HAL/LCD/LCD_Prog.o
 .debug_line    0x000013f6      0x287 HAL/LED/LED_Prog.o
 .debug_line    0x0000167d       0xe3 HAL/Relay/Relay_Prog.o
 .debug_line    0x00001760      0x1fc HAL/RTC/RTC_Prog.o
 .debug_line    0x0000195c      0x3df main.o
 .debug_line    0x00001d3b      0x1f0 MCAL/DIO/DIO_Prog.o
 .debug_line    0x00001f2b      0x1fe MCAL/I2C/I2C_Prog.o
 .debug_line    0x00002129      0x19d MCAL/UART/UART.o

.debug_frame    0x00000000      0x720
 *(.debug_frame)
 .debug_frame   0x00000000       0xdc APP/Biometric_Attendance_Prog.o
 .debug_frame   0x000000dc       0x58 HAL/EEPROM/EEPROM_Prog.o
 .debug_frame   0x00000134      0x144 HAL/FingerPrint/FingerPrint.o
 .debug_frame   0x00000278       0x74 HAL/KeyPad/Keypad_Prog.o
 .debug_frame   0x000002ec       0xe0 HAL/LCD/LCD_Prog.o
 .debug_frame   0x000003cc       0x64 HAL/LED/LED_Prog.o
 .debug_frame   0x00000430       0x4c HAL/Relay/Relay_Prog.o
 .debug_frame   0x0000047c       0x9c HAL/RTC/RTC_Prog.o
 .debug_frame   0x00000518       0x34 main.o
 .debug_frame   0x0000054c       0x64 MCAL/DIO/DIO_Prog.o
 .debug_frame   0x000005b0       0xa4 MCAL/I2C/I2C_Prog.o
 .debug_frame   0x00000654       0xcc MCAL/UART/UART.o

.debug_str      0x00000000      0xf30
 *(.debug_str)
 .debug_str     0x00000000      0x196 C:/Program Files (x86)/Atmel/Studio/7.0/Packs/atmel/ATmega_DFP/1.7.374/gcc/dev/atmega32/avr5/crtatmega32.o
 .debug_str     0x00000196      0x5d0 APP/Biometric_Attendance_Prog.o
                                0x631 (size before relaxing)
 .debug_str     0x00000766       0xc2 HAL/EEPROM/EEPROM_Prog.o
                                0x26a (size before relaxing)
 .debug_str     0x00000828      0x23a HAL/FingerPrint/FingerPrint.o
                                0x442 (size before relaxing)
 .debug_str     0x00000a62       0xfa HAL/KeyPad/Keypad_Prog.o
                                0x2f4 (size before relaxing)
 .debug_str     0x00000b5c       0xc9 HAL/LCD/LCD_Prog.o
                                0x356 (size before relaxing)
 .debug_str     0x00000c25       0x6d HAL/LED/LED_Prog.o
                                0x29c (size before relaxing)
 .debug_str     0x00000c92       0x2e HAL/Relay/Relay_Prog.o
                                0x1ee (size before relaxing)
 .debug_str     0x00000cc0       0xc5 HAL/RTC/RTC_Prog.o
                                0x32f (size before relaxing)
 .debug_str     0x00000d85       0x49 main.o
                                0x566 (size before relaxing)
 .debug_str     0x00000dce       0x6b MCAL/DIO/DIO_Prog.o
                                0x252 (size before relaxing)
 .debug_str     0x00000e39       0x42 MCAL/I2C/I2C_Prog.o
                                0x2a3 (size before relaxing)
 .debug_str     0x00000e7b       0xb5 MCAL/UART/UART.o
                                0x263 (size before relaxing)

.debug_loc      0x00000000     0x1cac
 *(.debug_loc)
 .debug_loc     0x00000000      0x372 APP/Biometric_Attendance_Prog.o
 .debug_loc     0x00000372      0x146 HAL/EEPROM/EEPROM_Prog.o
 .debug_loc     0x000004b8      0x501 HAL/FingerPrint/FingerPrint.o
 .debug_loc     0x000009b9      0x1a2 HAL/KeyPad/Keypad_Prog.o
 .debug_loc     0x00000b5b      0x4dc HAL/LCD/LCD_Prog.o
 .debug_loc     0x00001037      0x33c HAL/LED/LED_Prog.o
 .debug_loc     0x00001373       0x90 HAL/Relay/Relay_Prog.o
 .debug_loc     0x00001403      0x268 HAL/RTC/RTC_Prog.o
 .debug_loc     0x0000166b      0x15a main.o
 .debug_loc     0x000017c5      0x27a MCAL/DIO/DIO_Prog.o
 .debug_loc     0x00001a3f       0xf0 MCAL/I2C/I2C_Prog.o
 .debug_loc     0x00001b2f      0x17d MCAL/UART/UART.o

.debug_macinfo
 *(.debug_macinfo)

.debug_weaknames
 *(.debug_weaknames)

.debug_funcnames
 *(.debug_funcnames)

.debug_typenames
 *(.debug_typenames)

.debug_varnames
 *(.debug_varnames)

.debug_pubtypes
 *(.debug_pubtypes)

.debug_ranges   0x00000000      0x288
 *(.debug_ranges)
 .debug_ranges  0x00000000       0x50 APP/Biometric_Attendance_Prog.o
 .debug_ranges  0x00000050       0x18 HAL/EEPROM/EEPROM_Prog.o
 .debug_ranges  0x00000068       0x80 HAL/FingerPrint/FingerPrint.o
 .debug_ranges  0x000000e8       0x18 HAL/KeyPad/Keypad_Prog.o
 .debug_ranges  0x00000100       0x40 HAL/LCD/LCD_Prog.o
 .debug_ranges  0x00000140       0x30 HAL/LED/LED_Prog.o
 .debug_ranges  0x00000170       0x20 HAL/Relay/Relay_Prog.o
 .debug_ranges  0x00000190       0x30 HAL/RTC/RTC_Prog.o
 .debug_ranges  0x000001c0       0x10 main.o
 .debug_ranges  0x000001d0       0x30 MCAL/DIO/DIO_Prog.o
 .debug_ranges  0x00000200       0x50 MCAL/I2C/I2C_Prog.o
 .debug_ranges  0x00000250       0x38 MCAL/UART/UART.o

.debug_macro
 *(.debug_macro)
OUTPUT(AttendanceBiometricSystem.elf elf32-avr)
LOAD linker stubs
